Archive member included to satisfy reference by file (symbol)

/usr/share/arm-gnu-toolchain-12.2.rel1-x86_64-arm-none-eabi/bin/../lib/gcc/arm-none-eabi/12.2.1/../../../../arm-none-eabi/lib/thumb/v7e-m+fp/hard/libc.a(libc_a-exit.o)
                              /usr/share/arm-gnu-toolchain-12.2.rel1-x86_64-arm-none-eabi/bin/../lib/gcc/arm-none-eabi/12.2.1/../../../../arm-none-eabi/lib/thumb/v7e-m+fp/hard/crt0.o (exit)
/usr/share/arm-gnu-toolchain-12.2.rel1-x86_64-arm-none-eabi/bin/../lib/gcc/arm-none-eabi/12.2.1/../../../../arm-none-eabi/lib/thumb/v7e-m+fp/hard/libc.a(libc_a-__call_atexit.o)
                              /usr/share/arm-gnu-toolchain-12.2.rel1-x86_64-arm-none-eabi/bin/../lib/gcc/arm-none-eabi/12.2.1/../../../../arm-none-eabi/lib/thumb/v7e-m+fp/hard/libc.a(libc_a-exit.o) (__call_exitprocs)
/usr/share/arm-gnu-toolchain-12.2.rel1-x86_64-arm-none-eabi/bin/../lib/gcc/arm-none-eabi/12.2.1/../../../../arm-none-eabi/lib/thumb/v7e-m+fp/hard/libc.a(libc_a-memset.o)
                              /usr/share/arm-gnu-toolchain-12.2.rel1-x86_64-arm-none-eabi/bin/../lib/gcc/arm-none-eabi/12.2.1/../../../../arm-none-eabi/lib/thumb/v7e-m+fp/hard/crt0.o (memset)
/usr/share/arm-gnu-toolchain-12.2.rel1-x86_64-arm-none-eabi/bin/../lib/gcc/arm-none-eabi/12.2.1/../../../../arm-none-eabi/lib/thumb/v7e-m+fp/hard/libc.a(libc_a-init.o)
                              /usr/share/arm-gnu-toolchain-12.2.rel1-x86_64-arm-none-eabi/bin/../lib/gcc/arm-none-eabi/12.2.1/../../../../arm-none-eabi/lib/thumb/v7e-m+fp/hard/crt0.o (__libc_init_array)
/usr/share/arm-gnu-toolchain-12.2.rel1-x86_64-arm-none-eabi/bin/../lib/gcc/arm-none-eabi/12.2.1/../../../../arm-none-eabi/lib/thumb/v7e-m+fp/hard/libc.a(libc_a-fini.o)
                              /usr/share/arm-gnu-toolchain-12.2.rel1-x86_64-arm-none-eabi/bin/../lib/gcc/arm-none-eabi/12.2.1/../../../../arm-none-eabi/lib/thumb/v7e-m+fp/hard/libc.a(libc_a-__call_atexit.o) (__libc_fini_array)
/usr/share/arm-gnu-toolchain-12.2.rel1-x86_64-arm-none-eabi/bin/../lib/gcc/arm-none-eabi/12.2.1/../../../../arm-none-eabi/lib/thumb/v7e-m+fp/hard/libc.a(libc_a-lock.o)
                              /usr/share/arm-gnu-toolchain-12.2.rel1-x86_64-arm-none-eabi/bin/../lib/gcc/arm-none-eabi/12.2.1/../../../../arm-none-eabi/lib/thumb/v7e-m+fp/hard/libc.a(libc_a-__call_atexit.o) (__retarget_lock_acquire_recursive)
/usr/share/arm-gnu-toolchain-12.2.rel1-x86_64-arm-none-eabi/bin/../lib/gcc/arm-none-eabi/12.2.1/../../../../arm-none-eabi/lib/thumb/v7e-m+fp/hard/libc.a(libc_a-atexit.o)
                              /usr/share/arm-gnu-toolchain-12.2.rel1-x86_64-arm-none-eabi/bin/../lib/gcc/arm-none-eabi/12.2.1/../../../../arm-none-eabi/lib/thumb/v7e-m+fp/hard/libc.a(libc_a-__call_atexit.o) (atexit)
/usr/share/arm-gnu-toolchain-12.2.rel1-x86_64-arm-none-eabi/bin/../lib/gcc/arm-none-eabi/12.2.1/../../../../arm-none-eabi/lib/thumb/v7e-m+fp/hard/libc.a(libc_a-findfp.o)
                              /usr/share/arm-gnu-toolchain-12.2.rel1-x86_64-arm-none-eabi/bin/../lib/gcc/arm-none-eabi/12.2.1/../../../../arm-none-eabi/lib/thumb/v7e-m+fp/hard/libc.a(libc_a-exit.o) (__stdio_exit_handler)
/usr/share/arm-gnu-toolchain-12.2.rel1-x86_64-arm-none-eabi/bin/../lib/gcc/arm-none-eabi/12.2.1/../../../../arm-none-eabi/lib/thumb/v7e-m+fp/hard/libc.a(libc_a-stdio.o)
                              /usr/share/arm-gnu-toolchain-12.2.rel1-x86_64-arm-none-eabi/bin/../lib/gcc/arm-none-eabi/12.2.1/../../../../arm-none-eabi/lib/thumb/v7e-m+fp/hard/libc.a(libc_a-findfp.o) (__sread)
/usr/share/arm-gnu-toolchain-12.2.rel1-x86_64-arm-none-eabi/bin/../lib/gcc/arm-none-eabi/12.2.1/../../../../arm-none-eabi/lib/thumb/v7e-m+fp/hard/libc.a(libc_a-fwalk.o)
                              /usr/share/arm-gnu-toolchain-12.2.rel1-x86_64-arm-none-eabi/bin/../lib/gcc/arm-none-eabi/12.2.1/../../../../arm-none-eabi/lib/thumb/v7e-m+fp/hard/libc.a(libc_a-findfp.o) (_fwalk_sglue)
/usr/share/arm-gnu-toolchain-12.2.rel1-x86_64-arm-none-eabi/bin/../lib/gcc/arm-none-eabi/12.2.1/../../../../arm-none-eabi/lib/thumb/v7e-m+fp/hard/libc.a(libc_a-writer.o)
                              /usr/share/arm-gnu-toolchain-12.2.rel1-x86_64-arm-none-eabi/bin/../lib/gcc/arm-none-eabi/12.2.1/../../../../arm-none-eabi/lib/thumb/v7e-m+fp/hard/libc.a(libc_a-stdio.o) (_write_r)
/usr/share/arm-gnu-toolchain-12.2.rel1-x86_64-arm-none-eabi/bin/../lib/gcc/arm-none-eabi/12.2.1/../../../../arm-none-eabi/lib/thumb/v7e-m+fp/hard/libc.a(libc_a-__atexit.o)
                              /usr/share/arm-gnu-toolchain-12.2.rel1-x86_64-arm-none-eabi/bin/../lib/gcc/arm-none-eabi/12.2.1/../../../../arm-none-eabi/lib/thumb/v7e-m+fp/hard/libc.a(libc_a-atexit.o) (__register_exitproc)
/usr/share/arm-gnu-toolchain-12.2.rel1-x86_64-arm-none-eabi/bin/../lib/gcc/arm-none-eabi/12.2.1/../../../../arm-none-eabi/lib/thumb/v7e-m+fp/hard/libc.a(libc_a-mallocr.o)
[...]
Memory Configuration

Name             Origin             Length             Attributes
FLASH            0x0000000008000000 0x0000000000020000 xr
RAM              0x0000000020000000 0x0000000000008000 xrw
*default*        0x0000000000000000 0xffffffffffffffff

Linker script and memory map

LOAD /usr/share/arm-gnu-toolchain-12.2.rel1-x86_64-arm-none-eabi/bin/../lib/gcc/arm-none-eabi/12.2.1/thumb/v7e-m+fp/hard/crti.o
LOAD /usr/share/arm-gnu-toolchain-12.2.rel1-x86_64-arm-none-eabi/bin/../lib/gcc/arm-none-eabi/12.2.1/thumb/v7e-m+fp/hard/crtbegin.o
LOAD /usr/share/arm-gnu-toolchain-12.2.rel1-x86_64-arm-none-eabi/bin/../lib/gcc/arm-none-eabi/12.2.1/../../../../arm-none-eabi/lib/thumb/v7e-m+fp/hard/crt0.o
START GROUP
LOAD /usr/share/arm-gnu-toolchain-12.2.rel1-x86_64-arm-none-eabi/bin/../lib/gcc/arm-none-eabi/12.2.1/../../../../arm-none-eabi/lib/thumb/v7e-m+fp/hard/libc.a
LOAD /usr/share/arm-gnu-toolchain-12.2.rel1-x86_64-arm-none-eabi/bin/../lib/gcc/arm-none-eabi/12.2.1/../../../../arm-none-eabi/lib/thumb/v7e-m+fp/hard/libm.a
LOAD /usr/share/arm-gnu-toolchain-12.2.rel1-x86_64-arm-none-eabi/bin/../lib/gcc/arm-none-eabi/12.2.1/../../../../arm-none-eabi/lib/thumb/v7e-m+fp/hard/libstdc++.a
END GROUP
LOAD CMakeFiles/GD32F303_running_led.dir/Drivers/CMSIS/DSP/Source/arm_common_tables.c.obj
LOAD CMakeFiles/GD32F303_running_led.dir/Drivers/CMSIS/DSP/Source/arm_cos_f32.c.obj
LOAD CMakeFiles/GD32F303_running_led.dir/Drivers/CMSIS/DSP/Source/arm_sin_f32.c.obj
LOAD CMakeFiles/GD32F303_running_led.dir/Drivers/GD32F30x_standard_peripheral/Source/gd32f30x_adc.c.obj
LOAD CMakeFiles/GD32F303_running_led.dir/Drivers/GD32F30x_standard_peripheral/Source/gd32f30x_bkp.c.obj
LOAD CMakeFiles/GD32F303_running_led.dir/Drivers/GD32F30x_standard_peripheral/Source/gd32f30x_can.c.obj
LOAD CMakeFiles/GD32F303_running_led.dir/Drivers/GD32F30x_standard_peripheral/Source/gd32f30x_crc.c.obj
LOAD CMakeFiles/GD32F303_running_led.dir/Drivers/GD32F30x_standard_peripheral/Source/gd32f30x_ctc.c.obj
LOAD CMakeFiles/GD32F303_running_led.dir/Drivers/GD32F30x_standard_peripheral/Source/gd32f30x_dac.c.obj
LOAD CMakeFiles/GD32F303_running_led.dir/Drivers/GD32F30x_standard_peripheral/Source/gd32f30x_dbg.c.obj
LOAD CMakeFiles/GD32F303_running_led.dir/Drivers/GD32F30x_standard_peripheral/Source/gd32f30x_dma.c.obj
LOAD CMakeFiles/GD32F303_running_led.dir/Drivers/GD32F30x_standard_peripheral/Source/gd32f30x_enet.c.obj
LOAD CMakeFiles/GD32F303_running_led.dir/Drivers/GD32F30x_standard_peripheral/Source/gd32f30x_exmc.c.obj
LOAD CMakeFiles/GD32F303_running_led.dir/Drivers/GD32F30x_standard_peripheral/Source/gd32f30x_exti.c.obj
LOAD CMakeFiles/GD32F303_running_led.dir/Drivers/GD32F30x_standard_peripheral/Source/gd32f30x_fmc.c.obj
LOAD CMakeFiles/GD32F303_running_led.dir/Drivers/GD32F30x_standard_peripheral/Source/gd32f30x_fwdgt.c.obj
LOAD CMakeFiles/GD32F303_running_led.dir/Drivers/GD32F30x_standard_peripheral/Source/gd32f30x_gpio.c.obj
LOAD CMakeFiles/GD32F303_running_led.dir/Drivers/GD32F30x_standard_peripheral/Source/gd32f30x_i2c.c.obj
LOAD CMakeFiles/GD32F303_running_led.dir/Drivers/GD32F30x_standard_peripheral/Source/gd32f30x_misc.c.obj
LOAD CMakeFiles/GD32F303_running_led.dir/Drivers/GD32F30x_standard_peripheral/Source/gd32f30x_pmu.c.obj
LOAD CMakeFiles/GD32F303_running_led.dir/Drivers/GD32F30x_standard_peripheral/Source/gd32f30x_rcu.c.obj
LOAD CMakeFiles/GD32F303_running_led.dir/Drivers/GD32F30x_standard_peripheral/Source/gd32f30x_rtc.c.obj
LOAD CMakeFiles/GD32F303_running_led.dir/Drivers/GD32F30x_standard_peripheral/Source/gd32f30x_sdio.c.obj
LOAD CMakeFiles/GD32F303_running_led.dir/Drivers/GD32F30x_standard_peripheral/Source/gd32f30x_spi.c.obj
LOAD CMakeFiles/GD32F303_running_led.dir/Drivers/GD32F30x_standard_peripheral/Source/gd32f30x_timer.c.obj
LOAD CMakeFiles/GD32F303_running_led.dir/Drivers/GD32F30x_standard_peripheral/Source/gd32f30x_usart.c.obj
LOAD CMakeFiles/GD32F303_running_led.dir/Drivers/GD32F30x_standard_peripheral/Source/gd32f30x_wwdgt.c.obj
LOAD CMakeFiles/GD32F303_running_led.dir/Peripherals/gpio.c.obj
LOAD CMakeFiles/GD32F303_running_led.dir/Peripherals/rcu.c.obj
LOAD CMakeFiles/GD32F303_running_led.dir/Src/gd32f30x_it.c.obj
LOAD CMakeFiles/GD32F303_running_led.dir/Src/main.c.obj
LOAD CMakeFiles/GD32F303_running_led.dir/Src/start.c.obj
LOAD CMakeFiles/GD32F303_running_led.dir/Src/system_gd32f30x.c.obj
LOAD CMakeFiles/GD32F303_running_led.dir/Utilities/delay.c.obj
START GROUP
LOAD /usr/share/arm-gnu-toolchain-12.2.rel1-x86_64-arm-none-eabi/bin/../lib/gcc/arm-none-eabi/12.2.1/thumb/v7e-m+fp/hard/libgcc.a
LOAD /usr/share/arm-gnu-toolchain-12.2.rel1-x86_64-arm-none-eabi/bin/../lib/gcc/arm-none-eabi/12.2.1/../../../../arm-none-eabi/lib/thumb/v7e-m+fp/hard/libg.a
LOAD /usr/share/arm-gnu-toolchain-12.2.rel1-x86_64-arm-none-eabi/bin/../lib/gcc/arm-none-eabi/12.2.1/../../../../arm-none-eabi/lib/thumb/v7e-m+fp/hard/libc.a
END GROUP
START GROUP
LOAD /usr/share/arm-gnu-toolchain-12.2.rel1-x86_64-arm-none-eabi/bin/../lib/gcc/arm-none-eabi/12.2.1/thumb/v7e-m+fp/hard/libgcc.a
LOAD /usr/share/arm-gnu-toolchain-12.2.rel1-x86_64-arm-none-eabi/bin/../lib/gcc/arm-none-eabi/12.2.1/../../../../arm-none-eabi/lib/thumb/v7e-m+fp/hard/libc.a
LOAD /usr/share/arm-gnu-toolchain-12.2.rel1-x86_64-arm-none-eabi/bin/../lib/gcc/arm-none-eabi/12.2.1/../../../../arm-none-eabi/lib/thumb/v7e-m+fp/hard/libnosys.a
END GROUP
LOAD /usr/share/arm-gnu-toolchain-12.2.rel1-x86_64-arm-none-eabi/bin/../lib/gcc/arm-none-eabi/12.2.1/thumb/v7e-m+fp/hard/crtend.o
LOAD /usr/share/arm-gnu-toolchain-12.2.rel1-x86_64-arm-none-eabi/bin/../lib/gcc/arm-none-eabi/12.2.1/thumb/v7e-m+fp/hard/crtn.o
                0x0000000000004000                STACK_SIZE = DEFINED (STACK_SIZE)?STACK_SIZE:0x4000

.text           0x0000000008000000    0x422e0
 *(.vectors)
 .vectors       0x0000000008000000      0x150 CMakeFiles/GD32F303_running_led.dir/Src/start.c.obj
                0x0000000008000000                _VECTORS
 *(.text*)
 .text          0x0000000008000150        0x0 /usr/share/arm-gnu-toolchain-12.2.rel1-x86_64-arm-none-eabi/bin/../lib/gcc/arm-none-eabi/12.2.1/thumb/v7e-m+fp/hard/crti.o
 .text          0x0000000008000150        0x0 /usr/share/arm-gnu-toolchain-12.2.rel1-x86_64-arm-none-eabi/bin/../lib/gcc/arm-none-eabi/12.2.1/thumb/v7e-m+fp/hard/crtbegin.o
 .text.deregister_tm_clones
                0x0000000008000150       0x1c /usr/share/arm-gnu-toolchain-12.2.rel1-x86_64-arm-none-eabi/bin/../lib/gcc/arm-none-eabi/12.2.1/thumb/v7e-m+fp/hard/crtbegin.o
 .text.register_tm_clones
                0x000000000800016c       0x24 /usr/share/arm-gnu-toolchain-12.2.rel1-x86_64-arm-none-eabi/bin/../lib/gcc/arm-none-eabi/12.2.1/thumb/v7e-m+fp/hard/crtbegin.o
 .text.__do_global_dtors_aux
                0x0000000008000190       0x28 /usr/share/arm-gnu-toolchain-12.2.rel1-x86_64-arm-none-eabi/bin/../lib/gcc/arm-none-eabi/12.2.1/thumb/v7e-m+fp/hard/crtbegin.o
 .text.frame_dummy
                0x00000000080001b8       0x24 /usr/share/arm-gnu-toolchain-12.2.rel1-x86_64-arm-none-eabi/bin/../lib/gcc/arm-none-eabi/12.2.1/thumb/v7e-m+fp/hard/crtbegin.o
 .text          0x00000000080001dc       0x7c /usr/share/arm-gnu-toolchain-12.2.rel1-x86_64-arm-none-eabi/bin/../lib/gcc/arm-none-eabi/12.2.1/../../../../arm-none-eabi/lib/thumb/v7e-m+fp/hard/crt0.o
                0x00000000080001dc                _stack_init
                0x00000000080001e4                _mainCRTStartup
                0x00000000080001e4                _start
 .text          0x0000000008000258        0x0 /usr/share/arm-gnu-toolchain-12.2.rel1-x86_64-arm-none-eabi/bin/../lib/gcc/arm-none-eabi/12.2.1/../../../../arm-none-eabi/lib/thumb/v7e-m+fp/hard/libc.a(libc_a-exit.o)
 .text.exit     0x0000000008000258       0x1c /usr/share/arm-gnu-toolchain-12.2.rel1-x86_64-arm-none-eabi/bin/../lib/gcc/arm-none-eabi/12.2.1/../../../../arm-none-eabi/lib/thumb/v7e-m+fp/hard/libc.a(libc_a-exit.o)
                0x0000000008000258                exit
 .text          0x0000000008000274        0x0 /usr/share/arm-gnu-toolchain-12.2.rel1-x86_64-arm-none-eabi/bin/../lib/gcc/arm-none-eabi/12.2.1/../../../../arm-none-eabi/lib/thumb/v7e-m+fp/hard/libc.a(libc_a-__call_atexit.o)
 .text.startup.register_fini
                0x0000000008000274       0x14 /usr/share/arm-gnu-toolchain-12.2.rel1-x86_64-arm-none-eabi/bin/../lib/gcc/arm-none-eabi/12.2.1/../../../../arm-none-eabi/lib/thumb/v7e-m+fp/hard/libc.a(libc_a-__call_atexit.o)
 .text.__call_exitprocs
                0x0000000008000288       0xc4 /usr/share/arm-gnu-toolchain-12.2.rel1-x86_64-arm-none-eabi/bin/../lib/gcc/arm-none-eabi/12.2.1/../../../../arm-none-eabi/lib/thumb/v7e-m+fp/hard/libc.a(libc_a-__call_atexit.o)
                0x0000000008000288                __call_exitprocs
 .text          0x000000000800034c        0x0 /usr/share/arm-gnu-toolchain-12.2.rel1-x86_64-arm-none-eabi/bin/../lib/gcc/arm-none-eabi/12.2.1/../../../../arm-none-eabi/lib/thumb/v7e-m+fp/hard/libc.a(libc_a-memset.o)
 .text.memset   0x000000000800034c       0xa4 /usr/share/arm-gnu-toolchain-12.2.rel1-x86_64-arm-none-eabi/bin/../lib/gcc/arm-none-eabi/12.2.1/../../../../arm-none-eabi/lib/thumb/v7e-m+fp/hard/libc.a(libc_a-memset.o)
                0x000000000800034c                memset
 .text          0x00000000080003f0        0x0 /usr/share/arm-gnu-toolchain-12.2.rel1-x86_64-arm-none-eabi/bin/../lib/gcc/arm-none-eabi/12.2.1/../../../../arm-none-eabi/lib/thumb/v7e-m+fp/hard/libc.a(libc_a-init.o)
 .text.__libc_init_array
                0x00000000080003f0       0x50 /usr/share/arm-gnu-toolchain-12.2.rel1-x86_64-arm-none-eabi/bin/../lib/gcc/arm-none-eabi/12.2.1/../../../../arm-none-eabi/lib/thumb/v7e-m+fp/hard/libc.a(libc_a-init.o)
                0x00000000080003f0                __libc_init_array
 .text          0x0000000008000440        0x0 /usr/share/arm-gnu-toolchain-12.2.rel1-x86_64-arm-none-eabi/bin/../lib/gcc/arm-none-eabi/12.2.1/../../../../arm-none-eabi/lib/thumb/v7e-m+fp/hard/libc.a(libc_a-fini.o)
 .text.__libc_fini_array
                0x0000000008000440       0x28 /usr/share/arm-gnu-toolchain-12.2.rel1-x86_64-arm-none-eabi/bin/../lib/gcc/arm-none-eabi/12.2.1/../../../../arm-none-eabi/lib/thumb/v7e-m+fp/hard/libc.a(libc_a-fini.o)
                0x0000000008000440                __libc_fini_array
 .text          0x0000000008000468        0x0 /usr/share/arm-gnu-toolchain-12.2.rel1-x86_64-arm-none-eabi/bin/../lib/gcc/arm-none-eabi/12.2.1/../../../../arm-none-eabi/lib/thumb/v7e-m+fp/hard/libc.a(libc_a-lock.o)
 .text.__retarget_lock_init
                0x0000000008000468        0x4 /usr/share/arm-gnu-toolchain-12.2.rel1-x86_64-arm-none-eabi/bin/../lib/gcc/arm-none-eabi/12.2.1/../../../../arm-none-eabi/lib/thumb/v7e-m+fp/hard/libc.a(libc_a-lock.o)
                0x0000000008000468                __retarget_lock_init
 .text.__retarget_lock_init_recursive
                0x000000000800046c        0x4 /usr/share/arm-gnu-toolchain-12.2.rel1-x86_64-arm-none-eabi/bin/../lib/gcc/arm-none-eabi/12.2.1/../../../../arm-none-eabi/lib/thumb/v7e-m+fp/hard/libc.a(libc_a-lock.o)
                0x000000000800046c                __retarget_lock_init_recursive
 .text.__retarget_lock_close
                0x0000000008000470        0x4 /usr/share/arm-gnu-toolchain-12.2.rel1-x86_64-arm-none-eabi/bin/../lib/gcc/arm-none-eabi/12.2.1/../../../../arm-none-eabi/lib/thumb/v7e-m+fp/hard/libc.a(libc_a-lock.o)
                0x0000000008000470                __retarget_lock_close
 .text.__retarget_lock_close_recursive
                0x0000000008000474        0x4 /usr/share/arm-gnu-toolchain-12.2.rel1-x86_64-arm-none-eabi/bin/../lib/gcc/arm-none-eabi/12.2.1/../../../../arm-none-eabi/lib/thumb/v7e-m+fp/hard/libc.a(libc_a-lock.o)
                0x0000000008000474                __retarget_lock_close_recursive
 .text.__retarget_lock_acquire
                0x0000000008000478        0x4 /usr/share/arm-gnu-toolchain-12.2.rel1-x86_64-arm-none-eabi/bin/../lib/gcc/arm-none-eabi/12.2.1/../../../../arm-none-eabi/lib/thumb/v7e-m+fp/hard/libc.a(libc_a-lock.o)
                0x0000000008000478                __retarget_lock_acquire
 .text.__retarget_lock_acquire_recursive
                0x000000000800047c        0x4 /usr/share/arm-gnu-toolchain-12.2.rel1-x86_64-arm-none-eabi/bin/../lib/gcc/arm-none-eabi/12.2.1/../../../../arm-none-eabi/lib/thumb/v7e-m+fp/hard/libc.a(libc_a-lock.o)
                0x000000000800047c                __retarget_lock_acquire_recursive
 .text.__retarget_lock_try_acquire
                0x0000000008000480        0x4 /usr/share/arm-gnu-toolchain-12.2.rel1-x86_64-arm-none-eabi/bin/../lib/gcc/arm-none-eabi/12.2.1/../../../../arm-none-eabi/lib/thumb/v7e-m+fp/hard/libc.a(libc_a-lock.o)
                0x0000000008000480                __retarget_lock_try_acquire
 .text.__retarget_lock_try_acquire_recursive
                0x0000000008000484        0x4 /usr/share/arm-gnu-toolchain-12.2.rel1-x86_64-arm-none-eabi/bin/../lib/gcc/arm-none-eabi/12.2.1/../../../../arm-none-eabi/lib/thumb/v7e-m+fp/hard/libc.a(libc_a-lock.o)
                0x0000000008000484                __retarget_lock_try_acquire_recursive
 .text.__retarget_lock_release
                0x0000000008000488        0x4 /usr/share/arm-gnu-toolchain-12.2.rel1-x86_64-arm-none-eabi/bin/../lib/gcc/arm-none-eabi/12.2.1/../../../../arm-none-eabi/lib/thumb/v7e-m+fp/hard/libc.a(libc_a-lock.o)
                0x0000000008000488                __retarget_lock_release
 .text.__retarget_lock_release_recursive
                0x000000000800048c        0x4 /usr/share/arm-gnu-toolchain-12.2.rel1-x86_64-arm-none-eabi/bin/../lib/gcc/arm-none-eabi/12.2.1/../../../../arm-none-eabi/lib/thumb/v7e-m+fp/hard/libc.a(libc_a-lock.o)
                0x000000000800048c                __retarget_lock_release_recursive
 .text          0x0000000008000490        0x0 /usr/share/arm-gnu-toolchain-12.2.rel1-x86_64-arm-none-eabi/bin/../lib/gcc/arm-none-eabi/12.2.1/../../../../arm-none-eabi/lib/thumb/v7e-m+fp/hard/libc.a(libc_a-atexit.o)
 .text.atexit   0x0000000008000490        0xc /usr/share/arm-gnu-toolchain-12.2.rel1-x86_64-arm-none-eabi/bin/../lib/gcc/arm-none-eabi/12.2.1/../../../../arm-none-eabi/lib/thumb/v7e-m+fp/hard/libc.a(libc_a-atexit.o)
                0x0000000008000490                atexit
 .text          0x000000000800049c        0x0 /usr/share/arm-gnu-toolchain-12.2.rel1-x86_64-arm-none-eabi/bin/../lib/gcc/arm-none-eabi/12.2.1/../../../../arm-none-eabi/lib/thumb/v7e-m+fp/hard/libc.a(libc_a-findfp.o)
 .text.stdio_exit_handler
                0x000000000800049c       0x18 /usr/share/arm-gnu-toolchain-12.2.rel1-x86_64-arm-none-eabi/bin/../lib/gcc/arm-none-eabi/12.2.1/../../../../arm-none-eabi/lib/thumb/v7e-m+fp/hard/libc.a(libc_a-findfp.o)
 .text.cleanup_stdio
                0x00000000080004b4       0x40 /usr/share/arm-gnu-toolchain-12.2.rel1-x86_64-arm-none-eabi/bin/../lib/gcc/arm-none-eabi/12.2.1/../../../../arm-none-eabi/lib/thumb/v7e-m+fp/hard/libc.a(libc_a-findfp.o)
 .text.__fp_lock
                0x00000000080004f4       0x1c /usr/share/arm-gnu-toolchain-12.2.rel1-x86_64-arm-none-eabi/bin/../lib/gcc/arm-none-eabi/12.2.1/../../../../arm-none-eabi/lib/thumb/v7e-m+fp/hard/libc.a(libc_a-findfp.o)
 .text.__fp_unlock
                0x0000000008000510       0x1c /usr/share/arm-gnu-toolchain-12.2.rel1-x86_64-arm-none-eabi/bin/../lib/gcc/arm-none-eabi/12.2.1/../../../../arm-none-eabi/lib/thumb/v7e-m+fp/hard/libc.a(libc_a-findfp.o)
 .text.global_stdio_init.part.0
                0x000000000800052c       0xf0 /usr/share/arm-gnu-toolchain-12.2.rel1-x86_64-arm-none-eabi/bin/../lib/gcc/arm-none-eabi/12.2.1/../../../../arm-none-eabi/lib/thumb/v7e-m+fp/hard/libc.a(libc_a-findfp.o)
 .text.__sfp    0x000000000800061c       0xc0 /usr/share/arm-gnu-toolchain-12.2.rel1-x86_64-arm-none-eabi/bin/../lib/gcc/arm-none-eabi/12.2.1/../../../../arm-none-eabi/lib/thumb/v7e-m+fp/hard/libc.a(libc_a-findfp.o)
                0x000000000800061c                __sfp
 .text.__sinit  0x00000000080006dc       0x3c /usr/share/arm-gnu-toolchain-12.2.rel1-x86_64-arm-none-eabi/bin/../lib/gcc/arm-none-eabi/12.2.1/../../../../arm-none-eabi/lib/thumb/v7e-m+fp/hard/libc.a(libc_a-findfp.o)
                0x00000000080006dc                __sinit
 .text.__sfp_lock_acquire
                0x0000000008000718        0xc /usr/share/arm-gnu-toolchain-12.2.rel1-x86_64-arm-none-eabi/bin/../lib/gcc/arm-none-eabi/12.2.1/../../../../arm-none-eabi/lib/thumb/v7e-m+fp/hard/libc.a(libc_a-findfp.o)
                0x0000000008000718                __sfp_lock_acquire
 .text.__sfp_lock_release
                0x0000000008000724        0xc /usr/share/arm-gnu-toolchain-12.2.rel1-x86_64-arm-none-eabi/bin/../lib/gcc/arm-none-eabi/12.2.1/../../../../arm-none-eabi/lib/thumb/v7e-m+fp/hard/libc.a(libc_a-findfp.o)
                0x0000000008000724                __sfp_lock_release
 .text.__fp_lock_all
                0x0000000008000730       0x24 /usr/share/arm-gnu-toolchain-12.2.rel1-x86_64-arm-none-eabi/bin/../lib/gcc/arm-none-eabi/12.2.1/../../../../arm-none-eabi/lib/thumb/v7e-m+fp/hard/libc.a(libc_a-findfp.o)
                0x0000000008000730                __fp_lock_all
 .text.__fp_unlock_all
                0x0000000008000754       0x24 /usr/share/arm-gnu-toolchain-12.2.rel1-x86_64-arm-none-eabi/bin/../lib/gcc/arm-none-eabi/12.2.1/../../../../arm-none-eabi/lib/thumb/v7e-m+fp/hard/libc.a(libc_a-findfp.o)
                0x0000000008000754                __fp_unlock_all
 .text          0x0000000008000778        0x0 /usr/share/arm-gnu-toolchain-12.2.rel1-x86_64-arm-none-eabi/bin/../lib/gcc/arm-none-eabi/12.2.1/../../../../arm-none-eabi/lib/thumb/v7e-m+fp/hard/libc.a(libc_a-stdio.o)
 .text.__sread  0x0000000008000778       0x24 /usr/share/arm-gnu-toolchain-12.2.rel1-x86_64-arm-none-eabi/bin/../lib/gcc/arm-none-eabi/12.2.1/../../../../arm-none-eabi/lib/thumb/v7e-m+fp/hard/libc.a(libc_a-stdio.o)
                0x0000000008000778                __sread
 .text.__seofread
                0x000000000800079c        0x4 /usr/share/arm-gnu-toolchain-12.2.rel1-x86_64-arm-none-eabi/bin/../lib/gcc/arm-none-eabi/12.2.1/../../../../arm-none-eabi/lib/thumb/v7e-m+fp/hard/libc.a(libc_a-stdio.o)
                0x000000000800079c                __seofread
 .text.__swrite
                0x00000000080007a0       0x40 /usr/share/arm-gnu-toolchain-12.2.rel1-x86_64-arm-none-eabi/bin/../lib/gcc/arm-none-eabi/12.2.1/../../../../arm-none-eabi/lib/thumb/v7e-m+fp/hard/libc.a(libc_a-stdio.o)
                0x00000000080007a0                __swrite
 .text.__sseek  0x00000000080007e0       0x24 /usr/share/arm-gnu-toolchain-12.2.rel1-x86_64-arm-none-eabi/bin/../lib/gcc/arm-none-eabi/12.2.1/../../../../arm-none-eabi/lib/thumb/v7e-m+fp/hard/libc.a(libc_a-stdio.o)
                0x00000000080007e0                __sseek
 .text.__sclose
                0x0000000008000804        0x8 /usr/share/arm-gnu-toolchain-12.2.rel1-x86_64-arm-none-eabi/bin/../lib/gcc/arm-none-eabi/12.2.1/../../../../arm-none-eabi/lib/thumb/v7e-m+fp/hard/libc.a(libc_a-stdio.o)
                0x0000000008000804                __sclose
 .text          0x000000000800080c        0x0 /usr/share/arm-gnu-toolchain-12.2.rel1-x86_64-arm-none-eabi/bin/../lib/gcc/arm-none-eabi/12.2.1/../../../../arm-none-eabi/lib/thumb/v7e-m+fp/hard/libc.a(libc_a-fwalk.o)
 .text._fwalk_sglue
                0x000000000800080c       0x48 /usr/share/arm-gnu-toolchain-12.2.rel1-x86_64-arm-none-eabi/bin/../lib/gcc/arm-none-eabi/12.2.1/../../../../arm-none-eabi/lib/thumb/v7e-m+fp/hard/libc.a(libc_a-fwalk.o)
                0x000000000800080c                _fwalk_sglue
 .text          0x0000000008000854        0x0 /usr/share/arm-gnu-toolchain-12.2.rel1-x86_64-arm-none-eabi/bin/../lib/gcc/arm-none-eabi/12.2.1/../../../../arm-none-eabi/lib/thumb/v7e-m+fp/hard/libc.a(libc_a-writer.o)
 .text._write_r
                0x0000000008000854       0x2c /usr/share/arm-gnu-toolchain-12.2.rel1-x86_64-arm-none-eabi/bin/../lib/gcc/arm-none-eabi/12.2.1/../../../../arm-none-eabi/lib/thumb/v7e-m+fp/hard/libc.a(libc_a-writer.o)
                0x0000000008000854                _write_r
 .text          0x0000000008000880        0x0 /usr/share/arm-gnu-toolchain-12.2.rel1-x86_64-arm-none-eabi/bin/../lib/gcc/arm-none-eabi/12.2.1/../../../../arm-none-eabi/lib/thumb/v7e-m+fp/hard/libc.a(libc_a-__atexit.o)
 .text.__register_exitproc
                0x0000000008000880       0x88 /usr/share/arm-gnu-toolchain-12.2.rel1-x86_64-arm-none-eabi/bin/../lib/gcc/arm-none-eabi/12.2.1/../../../../arm-none-eabi/lib/thumb/v7e-m+fp/hard/libc.a(libc_a-__atexit.o)
                0x0000000008000880                __register_exitproc
 .text          0x0000000008000908        0x0 /usr/share/arm-gnu-toolchain-12.2.rel1-x86_64-arm-none-eabi/bin/../lib/gcc/arm-none-eabi/12.2.1/../../../../arm-none-eabi/lib/thumb/v7e-m+fp/hard/libc.a(libc_a-mallocr.o)
 .text._malloc_r
                0x0000000008000908      0x55c /usr/share/arm-gnu-toolchain-12.2.rel1-x86_64-arm-none-eabi/bin/../lib/gcc/arm-none-eabi/12.2.1/../../../../arm-none-eabi/lib/thumb/v7e-m+fp/hard/libc.a(libc_a-mallocr.o)
                0x0000000008000908                _malloc_r
 .text          0x0000000008000e64        0x0 /usr/share/arm-gnu-toolchain-12.2.rel1-x86_64-arm-none-eabi/bin/../lib/gcc/arm-none-eabi/12.2.1/../../../../arm-none-eabi/lib/thumb/v7e-m+fp/hard/libc.a(libc_a-fclose.o)
 .text._fclose_r
                0x0000000008000e64       0xc4 /usr/share/arm-gnu-toolchain-12.2.rel1-x86_64-arm-none-eabi/bin/../lib/gcc/arm-none-eabi/12.2.1/../../../../arm-none-eabi/lib/thumb/v7e-m+fp/hard/libc.a(libc_a-fclose.o)
                0x0000000008000e64                _fclose_r
 .text.fclose   0x0000000008000f28       0x10 /usr/share/arm-gnu-toolchain-12.2.rel1-x86_64-arm-none-eabi/bin/../lib/gcc/arm-none-eabi/12.2.1/../../../../arm-none-eabi/lib/thumb/v7e-m+fp/hard/libc.a(libc_a-fclose.o)
                0x0000000008000f28                fclose
 .text          0x0000000008000f38        0x0 /usr/share/arm-gnu-toolchain-12.2.rel1-x86_64-arm-none-eabi/bin/../lib/gcc/arm-none-eabi/12.2.1/../../../../arm-none-eabi/lib/thumb/v7e-m+fp/hard/libc.a(libc_a-sysconf.o)
 .text.sysconf  0x0000000008000f38       0x1c /usr/share/arm-gnu-toolchain-12.2.rel1-x86_64-arm-none-eabi/bin/../lib/gcc/arm-none-eabi/12.2.1/../../../../arm-none-eabi/lib/thumb/v7e-m+fp/hard/libc.a(libc_a-sysconf.o)
                0x0000000008000f38                sysconf
 .text          0x0000000008000f54        0x0 /usr/share/arm-gnu-toolchain-12.2.rel1-x86_64-arm-none-eabi/bin/../lib/gcc/arm-none-eabi/12.2.1/../../../../arm-none-eabi/lib/thumb/v7e-m+fp/hard/libc.a(libc_a-mlock.o)
 .text.__malloc_lock
                0x0000000008000f54        0xc /usr/share/arm-gnu-toolchain-12.2.rel1-x86_64-arm-none-eabi/bin/../lib/gcc/arm-none-eabi/12.2.1/../../../../arm-none-eabi/lib/thumb/v7e-m+fp/hard/libc.a(libc_a-mlock.o)
                0x0000000008000f54                __malloc_lock
 .text.__malloc_unlock
                0x0000000008000f60        0xc /usr/share/arm-gnu-toolchain-12.2.rel1-x86_64-arm-none-eabi/bin/../lib/gcc/arm-none-eabi/12.2.1/../../../../arm-none-eabi/lib/thumb/v7e-m+fp/hard/libc.a(libc_a-mlock.o)
                0x0000000008000f60                __malloc_unlock
 .text          0x0000000008000f6c        0x0 /usr/share/arm-gnu-toolchain-12.2.rel1-x86_64-arm-none-eabi/bin/../lib/gcc/arm-none-eabi/12.2.1/../../../../arm-none-eabi/lib/thumb/v7e-m+fp/hard/libc.a(libc_a-closer.o)
 .text._close_r
                0x0000000008000f6c       0x24 /usr/share/arm-gnu-toolchain-12.2.rel1-x86_64-arm-none-eabi/bin/../lib/gcc/arm-none-eabi/12.2.1/../../../../arm-none-eabi/lib/thumb/v7e-m+fp/hard/libc.a(libc_a-closer.o)
                0x0000000008000f6c                _close_r
 .text          0x0000000008000f90        0x0 /usr/share/arm-gnu-toolchain-12.2.rel1-x86_64-arm-none-eabi/bin/../lib/gcc/arm-none-eabi/12.2.1/../../../../arm-none-eabi/lib/thumb/v7e-m+fp/hard/libc.a(libc_a-reent.o)
 .text._reclaim_reent
                0x0000000008000f90       0x5c /usr/share/arm-gnu-toolchain-12.2.rel1-x86_64-arm-none-eabi/bin/../lib/gcc/arm-none-eabi/12.2.1/../../../../arm-none-eabi/lib/thumb/v7e-m+fp/hard/libc.a(libc_a-reent.o)
                0x0000000008000f90                _reclaim_reent
 .text          0x0000000008000fec        0x0 /usr/share/arm-gnu-toolchain-12.2.rel1-x86_64-arm-none-eabi/bin/../lib/gcc/arm-none-eabi/12.2.1/../../../../arm-none-eabi/lib/thumb/v7e-m+fp/hard/libc.a(libc_a-fflush.o)
 .text.__sflush_r
                0x0000000008000fec      0x138 /usr/share/arm-gnu-toolchain-12.2.rel1-x86_64-arm-none-eabi/bin/../lib/gcc/arm-none-eabi/12.2.1/../../../../arm-none-eabi/lib/thumb/v7e-m+fp/hard/libc.a(libc_a-fflush.o)
                0x0000000008000fec                __sflush_r
 .text._fflush_r
                0x0000000008001124       0x54 /usr/share/arm-gnu-toolchain-12.2.rel1-x86_64-arm-none-eabi/bin/../lib/gcc/arm-none-eabi/12.2.1/../../../../arm-none-eabi/lib/thumb/v7e-m+fp/hard/libc.a(libc_a-fflush.o)
                0x0000000008001124                _fflush_r
 .text.fflush   0x0000000008001178       0x74 /usr/share/arm-gnu-toolchain-12.2.rel1-x86_64-arm-none-eabi/bin/../lib/gcc/arm-none-eabi/12.2.1/../../../../arm-none-eabi/lib/thumb/v7e-m+fp/hard/libc.a(libc_a-fflush.o)
                0x0000000008001178                fflush
 .text          0x00000000080011ec        0x0 /usr/share/arm-gnu-toolchain-12.2.rel1-x86_64-arm-none-eabi/bin/../lib/gcc/arm-none-eabi/12.2.1/../../../../arm-none-eabi/lib/thumb/v7e-m+fp/hard/libc.a(libc_a-impure.o)
 .text          0x00000000080011ec        0x0 /usr/share/arm-gnu-toolchain-12.2.rel1-x86_64-arm-none-eabi/bin/../lib/gcc/arm-none-eabi/12.2.1/../../../../arm-none-eabi/lib/thumb/v7e-m+fp/hard/libc.a(libc_a-freer.o)
 .text._malloc_trim_r
                0x00000000080011ec       0xb8 /usr/share/arm-gnu-toolchain-12.2.rel1-x86_64-arm-none-eabi/bin/../lib/gcc/arm-none-eabi/12.2.1/../../../../arm-none-eabi/lib/thumb/v7e-m+fp/hard/libc.a(libc_a-freer.o)
                0x00000000080011ec                _malloc_trim_r
 .text._free_r  0x00000000080012a4      0x204 /usr/share/arm-gnu-toolchain-12.2.rel1-x86_64-arm-none-eabi/bin/../lib/gcc/arm-none-eabi/12.2.1/../../../../arm-none-eabi/lib/thumb/v7e-m+fp/hard/libc.a(libc_a-freer.o)
                0x00000000080012a4                _free_r
 .text          0x00000000080014a8        0x0 /usr/share/arm-gnu-toolchain-12.2.rel1-x86_64-arm-none-eabi/bin/../lib/gcc/arm-none-eabi/12.2.1/../../../../arm-none-eabi/lib/thumb/v7e-m+fp/hard/libc.a(libc_a-lseekr.o)
 .text._lseek_r
                0x00000000080014a8       0x2c /usr/share/arm-gnu-toolchain-12.2.rel1-x86_64-arm-none-eabi/bin/../lib/gcc/arm-none-eabi/12.2.1/../../../../arm-none-eabi/lib/thumb/v7e-m+fp/hard/libc.a(libc_a-lseekr.o)
                0x00000000080014a8                _lseek_r
 .text          0x00000000080014d4        0x0 /usr/share/arm-gnu-toolchain-12.2.rel1-x86_64-arm-none-eabi/bin/../lib/gcc/arm-none-eabi/12.2.1/../../../../arm-none-eabi/lib/thumb/v7e-m+fp/hard/libc.a(libc_a-readr.o)
 .text._read_r  0x00000000080014d4       0x2c /usr/share/arm-gnu-toolchain-12.2.rel1-x86_64-arm-none-eabi/bin/../lib/gcc/arm-none-eabi/12.2.1/../../../../arm-none-eabi/lib/thumb/v7e-m+fp/hard/libc.a(libc_a-readr.o)
                0x00000000080014d4                _read_r
 .text          0x0000000008001500        0x0 /usr/share/arm-gnu-toolchain-12.2.rel1-x86_64-arm-none-eabi/bin/../lib/gcc/arm-none-eabi/12.2.1/../../../../arm-none-eabi/lib/thumb/v7e-m+fp/hard/libc.a(libc_a-sbrkr.o)
 .text._sbrk_r  0x0000000008001500       0x24 /usr/share/arm-gnu-toolchain-12.2.rel1-x86_64-arm-none-eabi/bin/../lib/gcc/arm-none-eabi/12.2.1/../../../../arm-none-eabi/lib/thumb/v7e-m+fp/hard/libc.a(libc_a-sbrkr.o)
                0x0000000008001500                _sbrk_r
 .text          0x0000000008001524        0x0 /usr/share/arm-gnu-toolchain-12.2.rel1-x86_64-arm-none-eabi/bin/../lib/gcc/arm-none-eabi/12.2.1/../../../../arm-none-eabi/lib/thumb/v7e-m+fp/hard/libc.a(libc_a-errno.o)
 .text.__errno  0x0000000008001524        0xc /usr/share/arm-gnu-toolchain-12.2.rel1-x86_64-arm-none-eabi/bin/../lib/gcc/arm-none-eabi/12.2.1/../../../../arm-none-eabi/lib/thumb/v7e-m+fp/hard/libc.a(libc_a-errno.o)
                0x0000000008001524                __errno
 .text          0x0000000008001530        0x0 CMakeFiles/GD32F303_running_led.dir/Drivers/CMSIS/DSP/Source/arm_common_tables.c.obj
 .text          0x0000000008001530       0xf8 CMakeFiles/GD32F303_running_led.dir/Drivers/CMSIS/DSP/Source/arm_cos_f32.c.obj
                0x0000000008001530                arm_cos_f32
 .text          0x0000000008001628      0x118 CMakeFiles/GD32F303_running_led.dir/Drivers/CMSIS/DSP/Source/arm_sin_f32.c.obj
                0x0000000008001628                arm_sin_f32
 .text          0x0000000008001740      0xc94 CMakeFiles/GD32F303_running_led.dir/Drivers/GD32F30x_standard_peripheral/Source/gd32f30x_adc.c.obj
                0x0000000008001740                adc_deinit
                0x00000000080017b8                adc_enable
                0x00000000080017ea                adc_disable
                0x000000000800180e                adc_calibration_enable
                0x0000000008001864                adc_dma_mode_enable
                0x0000000008001888                adc_dma_mode_disable
                0x00000000080018ac                adc_tempsensor_vrefint_enable
                0x00000000080018cc                adc_tempsensor_vrefint_disable
                0x00000000080018ec                adc_resolution_config
                0x0000000008001924                adc_discontinuous_mode_config
                0x00000000080019a6                adc_mode_config
                0x00000000080019d8                adc_special_function_config
                0x0000000008001a96                adc_data_alignment_config
                0x0000000008001ad4                adc_channel_length_config
                0x0000000008001b4e                adc_regular_channel_config
                0x0000000008001cc8                adc_inserted_channel_config
                0x0000000008001dcc                adc_inserted_channel_offset_config
                0x0000000008001e24                adc_external_trigger_config
                0x0000000008001eb0                adc_external_trigger_source_config
                0x0000000008001f1e                adc_software_trigger_enable
                0x0000000008001f6a                adc_regular_data_read
                0x0000000008001f86                adc_inserted_data_read
                0x0000000008001fee                adc_sync_mode_convert_value_read
                0x0000000008002004                adc_flag_get
                0x0000000008002030                adc_flag_clear
                0x0000000008002054                adc_interrupt_flag_get
                0x0000000008002104                adc_interrupt_flag_clear
                0x0000000008002128                adc_interrupt_enable
                0x000000000800218c                adc_interrupt_disable
                0x00000000080021f0                adc_watchdog_single_channel_enable
                0x0000000008002244                adc_watchdog_group_channel_enable
                0x00000000080022bc                adc_watchdog_disable
                0x00000000080022e8                adc_watchdog_threshold_config
                0x000000000800231c                adc_oversample_mode_config
                0x000000000800238c                adc_oversample_mode_enable
                0x00000000080023b0                adc_oversample_mode_disable
 .text          0x00000000080023d4      0x3d8 CMakeFiles/GD32F303_running_led.dir/Drivers/GD32F30x_standard_peripheral/Source/gd32f30x_bkp.c.obj
                0x00000000080023d4                bkp_deinit
                0x00000000080023e4                bkp_write_data
                0x0000000008002440                bkp_read_data
                0x0000000008002498                bkp_rtc_calibration_output_enable
                0x00000000080024bc                bkp_rtc_calibration_output_disable
                0x00000000080024e0                bkp_rtc_signal_output_enable
                0x0000000008002504                bkp_rtc_signal_output_disable
                0x0000000008002528                bkp_rtc_output_select
                0x0000000008002564                bkp_rtc_clock_output_select
                0x00000000080025a0                bkp_rtc_clock_calibration_direction
                0x00000000080025dc                bkp_rtc_calibration_value_set
                0x0000000008002620                bkp_tamper_detection_enable
                0x0000000008002644                bkp_tamper_detection_disable
                0x0000000008002668                bkp_tamper_active_level_set
                0x00000000080026a4                bkp_tamper_interrupt_enable
                0x00000000080026c8                bkp_tamper_interrupt_disable
                0x00000000080026ec                bkp_flag_get
                0x000000000800271c                bkp_flag_clear
                0x000000000800274c                bkp_interrupt_flag_get
                0x000000000800277c                bkp_interrupt_flag_clear
 .text          0x00000000080027ac      0xe80 CMakeFiles/GD32F303_running_led.dir/Drivers/GD32F30x_standard_peripheral/Source/gd32f30x_can.c.obj
                0x00000000080027ac                can_deinit
                0x00000000080027d8                can_struct_para_init
                0x0000000008002918                can_init
                0x0000000008002ac2                can_filter_init
                0x0000000008002c34                can1_filter_start_bank
                0x0000000008002c84                can_debug_freeze_enable
                0x0000000008002cb4                can_debug_freeze_disable
                0x0000000008002ce4                can_time_trigger_mode_enable
                0x0000000008002d38                can_time_trigger_mode_disable
                0x0000000008002d8c                can_message_transmit
                0x0000000008002f44                can_transmit_states
                0x0000000008003004                can_transmission_stop
                0x0000000008003096                can_message_receive
                0x0000000008003222                can_fifo_release
                0x000000000800326a                can_receive_message_length_get
                0x00000000080032b2                can_working_mode_set
                0x00000000080033ca                can_wakeup
                0x000000000800342a                can_error_get
                0x0000000008003452                can_receive_error_number_get
                0x0000000008003472                can_transmit_error_number_get
                0x0000000008003492                can_interrupt_enable
                0x00000000080034ba                can_interrupt_disable
                0x00000000080034e2                can_flag_get
                0x0000000008003520                can_flag_clear
                0x0000000008003554                can_interrupt_flag_get
                0x00000000080035fc                can_interrupt_flag_clear
 .text          0x000000000800362c      0x114 CMakeFiles/GD32F303_running_led.dir/Drivers/GD32F30x_standard_peripheral/Source/gd32f30x_crc.c.obj
                0x000000000800362c                crc_deinit
                0x000000000800365c                crc_data_register_reset
                0x000000000800367c                crc_data_register_read
                0x000000000800369c                crc_free_data_register_read
                0x00000000080036bc                crc_free_data_register_write
                0x00000000080036dc                crc_single_data_calculate
                0x0000000008003700                crc_block_data_calculate
 .text          0x0000000008003740      0x3bc CMakeFiles/GD32F303_running_led.dir/Drivers/GD32F30x_standard_peripheral/Source/gd32f30x_ctc.c.obj
                0x0000000008003740                ctc_deinit
                0x0000000008003758                ctc_counter_enable
                0x0000000008003778                ctc_counter_disable
                0x0000000008003798                ctc_irc48m_trim_value_config
                0x00000000080037cc                ctc_software_refsource_pulse_generate
                0x00000000080037ec                ctc_hardware_trim_mode_config
                0x000000000800381c                ctc_refsource_polarity_config
                0x000000000800384c                ctc_refsource_signal_select
                0x000000000800387c                ctc_refsource_prescaler_config
                0x00000000080038ac                ctc_clock_limit_value_config
                0x00000000080038e0                ctc_counter_reload_value_config
                0x0000000008003914                ctc_counter_capture_value_read
                0x0000000008003938                ctc_counter_direction_read
                0x000000000800395c                ctc_counter_reload_value_read
                0x0000000008003980                ctc_irc48m_trim_value_read
                0x00000000080039ac                ctc_interrupt_enable
                0x00000000080039d0                ctc_interrupt_disable
                0x00000000080039f8                ctc_interrupt_flag_get
                0x0000000008003a58                ctc_interrupt_flag_clear
                0x0000000008003a94                ctc_flag_get
                0x0000000008003ac0                ctc_flag_clear
 .text          0x0000000008003afc      0x658 CMakeFiles/GD32F303_running_led.dir/Drivers/GD32F30x_standard_peripheral/Source/gd32f30x_dac.c.obj
                0x0000000008003afc                dac_deinit
                0x0000000008003b14                dac_enable
                0x0000000008003b4c                dac_disable
                0x0000000008003b84                dac_dma_enable
                0x0000000008003bbc                dac_dma_disable
                0x0000000008003bf4                dac_output_buffer_enable
                0x0000000008003c2c                dac_output_buffer_disable
                0x0000000008003c64                dac_output_value_get
                0x0000000008003c9c                dac_data_set
                0x0000000008003d40                dac_trigger_enable
                0x0000000008003d78                dac_trigger_disable
                0x0000000008003db0                dac_trigger_source_config
                0x0000000008003e04                dac_software_trigger_enable
                0x0000000008003e3c                dac_software_trigger_disable
                0x0000000008003e74                dac_wave_mode_config
                0x0000000008003ec8                dac_wave_bit_width_config
                0x0000000008003f1c                dac_lfsr_noise_config
                0x0000000008003f70                dac_triangle_noise_config
                0x0000000008003fc4                dac_concurrent_enable
                0x0000000008003ff0                dac_concurrent_disable
                0x0000000008004020                dac_concurrent_software_trigger_enable
                0x000000000800404c                dac_concurrent_software_trigger_disable
                0x0000000008004078                dac_concurrent_output_buffer_enable
                0x00000000080040a8                dac_concurrent_output_buffer_disable
                0x00000000080040d4                dac_concurrent_data_set
 .text          0x0000000008004154      0x14c CMakeFiles/GD32F303_running_led.dir/Drivers/GD32F30x_standard_peripheral/Source/gd32f30x_dbg.c.obj
                0x0000000008004154                dbg_deinit
                0x000000000800416c                dbg_id_get
                0x0000000008004184                dbg_low_power_enable
                0x00000000080041a8                dbg_low_power_disable
                0x00000000080041d0                dbg_periph_enable
                0x0000000008004216                dbg_periph_disable
                0x0000000008004260                dbg_trace_pin_enable
                0x0000000008004280                dbg_trace_pin_disable
 .text          0x00000000080042a0      0xba4 CMakeFiles/GD32F303_running_led.dir/Drivers/GD32F30x_standard_peripheral/Source/gd32f30x_dma.c.obj
                0x00000000080042a0                dma_deinit
                0x000000000800436e                dma_struct_para_init
                0x00000000080043c2                dma_init
                0x00000000080045ba                dma_circulation_enable
                0x0000000008004610                dma_circulation_disable
                0x0000000008004666                dma_memory_to_memory_enable
                0x00000000080046bc                dma_memory_to_memory_disable
                0x0000000008004712                dma_channel_enable
                0x0000000008004768                dma_channel_disable
                0x00000000080047be                dma_periph_address_config
                0x0000000008004800                dma_memory_address_config
                0x0000000008004842                dma_transfer_number_config
                0x0000000008004886                dma_transfer_number_get
                0x00000000080048c2                dma_priority_config
                0x000000000800492a                dma_memory_width_config
                0x0000000008004992                dma_periph_width_config
                0x00000000080049fa                dma_memory_increase_enable
                0x0000000008004a50                dma_memory_increase_disable
                0x0000000008004aa6                dma_periph_increase_enable
                0x0000000008004afc                dma_periph_increase_disable
                0x0000000008004b52                dma_transfer_direction_config
                0x0000000008004be0                dma_flag_get
                0x0000000008004c1a                dma_flag_clear
                0x0000000008004c4c                dma_interrupt_flag_get
                0x0000000008004d28                dma_interrupt_flag_clear
                0x0000000008004d5a                dma_interrupt_enable
                0x0000000008004db2                dma_interrupt_disable
 .text          0x0000000008004e44        0x0 CMakeFiles/GD32F303_running_led.dir/Drivers/GD32F30x_standard_peripheral/Source/gd32f30x_enet.c.obj
 .text          0x0000000008004e44      0x940 CMakeFiles/GD32F303_running_led.dir/Drivers/GD32F30x_standard_peripheral/Source/gd32f30x_exmc.c.obj
                0x0000000008004e44                exmc_norsram_deinit
                0x0000000008004ea6                exmc_norsram_struct_para_init
                0x0000000008004f6c                exmc_norsram_init
                0x00000000080050ec                exmc_norsram_enable
                0x0000000008005118                exmc_norsram_disable
                0x0000000008005144                exmc_nand_deinit
                0x000000000800519c                exmc_nand_struct_para_init
                0x000000000800521a                exmc_nand_init
                0x0000000008005304                exmc_nand_enable
                0x0000000008005336                exmc_nand_disable
                0x0000000008005368                exmc_pccard_deinit
                0x00000000080053b0                exmc_pccard_struct_para_init
                0x0000000008005436                exmc_pccard_init
                0x0000000008005514                exmc_pccard_enable
                0x0000000008005534                exmc_pccard_disable
                0x0000000008005554                exmc_norsram_page_size_config
                0x000000000800559c                exmc_nand_ecc_config
                0x00000000080055f8                exmc_ecc_get
                0x0000000008005618                exmc_interrupt_enable
                0x000000000800564c                exmc_interrupt_disable
                0x0000000008005684                exmc_flag_get
                0x00000000080056be                exmc_flag_clear
                0x00000000080056f6                exmc_interrupt_flag_get
                0x000000000800574a                exmc_interrupt_flag_clear
 .text          0x0000000008005784      0x2c8 CMakeFiles/GD32F303_running_led.dir/Drivers/GD32F30x_standard_peripheral/Source/gd32f30x_exti.c.obj
                0x0000000008005784                exti_deinit
                0x00000000080057c4                exti_init
                0x00000000080058b8                exti_interrupt_enable
                0x00000000080058dc                exti_event_enable
                0x0000000008005900                exti_interrupt_disable
                0x0000000008005928                exti_event_disable
                0x0000000008005950                exti_flag_get
                0x000000000800597c                exti_flag_clear
                0x000000000800599c                exti_interrupt_flag_get
                0x00000000080059e0                exti_interrupt_flag_clear
                0x0000000008005a00                exti_software_interrupt_enable
                0x0000000008005a24                exti_software_interrupt_disable
 .text          0x0000000008005a4c      0xe64 CMakeFiles/GD32F303_running_led.dir/Drivers/GD32F30x_standard_peripheral/Source/gd32f30x_fmc.c.obj
                0x0000000008005a4c                fmc_wscnt_set
                0x0000000008005a7c                fmc_unlock
                0x0000000008005ae0                fmc_bank0_unlock
                0x0000000008005b18                fmc_bank1_unlock
                0x0000000008005b50                fmc_lock
                0x0000000008005b8c                fmc_bank0_lock
                0x0000000008005bac                fmc_bank1_lock
                0x0000000008005bcc                fmc_page_erase
                0x0000000008005cf4                fmc_mass_erase
                0x0000000008005de4                fmc_bank0_erase
                0x0000000008005e40                fmc_bank1_erase
                0x0000000008005e9c                fmc_word_program
                0x0000000008005f88                fmc_halfword_program
                0x0000000008006074                fmc_word_reprogram
                0x0000000008006188                ob_unlock
                0x00000000080061c0                ob_lock
                0x00000000080061e0                ob_erase
                0x0000000008006294                ob_write_protection_enable
                0x0000000008006380                ob_security_protection_config
                0x0000000008006428                ob_user_write
                0x00000000080064bc                ob_data_program
                0x000000000800651c                ob_user_get
                0x0000000008006538                ob_data_get
                0x0000000008006554                ob_write_protection_get
                0x000000000800656c                ob_spc_get
                0x00000000080065a0                fmc_interrupt_enable
                0x00000000080065e0                fmc_interrupt_disable
                0x0000000008006624                fmc_flag_get
                0x000000000800665e                fmc_flag_clear
                0x000000000800669e                fmc_interrupt_flag_get
                0x0000000008006758                fmc_interrupt_flag_clear
                0x000000000800679a                fmc_bank0_state_get
                0x00000000080067ec                fmc_bank1_state_get
                0x000000000800683c                fmc_bank0_ready_wait
                0x0000000008006876                fmc_bank1_ready_wait
 .text          0x00000000080068b0      0x210 CMakeFiles/GD32F303_running_led.dir/Drivers/GD32F30x_standard_peripheral/Source/gd32f30x_fwdgt.c.obj
                0x00000000080068b0                fwdgt_write_enable
                0x00000000080068cc                fwdgt_write_disable
                0x00000000080068e4                fwdgt_enable
                0x0000000008006900                fwdgt_prescaler_value_config
                0x0000000008006964                fwdgt_reload_value_config
                0x00000000080069cc                fwdgt_counter_reload
                0x00000000080069e8                fwdgt_config
                0x0000000008006a94                fwdgt_flag_get
 .text          0x0000000008006ac0      0x6c0 CMakeFiles/GD32F303_running_led.dir/Drivers/GD32F30x_standard_peripheral/Source/gd32f30x_gpio.c.obj
                0x0000000008006ac0                gpio_deinit
                0x0000000008006bd0                gpio_afio_deinit
                0x0000000008006be8                gpio_init
                0x0000000008006d52                gpio_bit_set
                0x0000000008006d72                gpio_bit_reset
                0x0000000008006d92                gpio_bit_write
                0x0000000008006dc8                gpio_port_write
                0x0000000008006dea                gpio_input_bit_get
                0x0000000008006e14                gpio_input_port_get
                0x0000000008006e30                gpio_output_bit_get
                0x0000000008006e5a                gpio_output_port_get
                0x0000000008006e76                gpio_pin_remap_config
                0x0000000008006f5c                gpio_exti_source_select
                0x000000000800704c                gpio_event_output_config
                0x0000000008007098                gpio_event_output_enable
                0x00000000080070b8                gpio_event_output_disable
                0x00000000080070d8                gpio_pin_lock
                0x000000000800712a                gpio_compensation_config
                0x000000000800715c                gpio_compensation_flag_get
 .text          0x0000000008007180      0x8d0 CMakeFiles/GD32F303_running_led.dir/Drivers/GD32F30x_standard_peripheral/Source/gd32f30x_i2c.c.obj
                0x0000000008007180                i2c_deinit
                0x00000000080071d0                i2c_clock_config
                0x00000000080073e8                i2c_mode_addr_config
                0x0000000008007438                i2c_smbus_type_config
                0x000000000800746e                i2c_ack_config
                0x00000000080074a4                i2c_ackpos_config
                0x00000000080074da                i2c_master_addressing
                0x0000000008007516                i2c_dualaddr_enable
                0x0000000008007542                i2c_dualaddr_disable
                0x0000000008007566                i2c_enable
                0x0000000008007586                i2c_disable
                0x00000000080075a6                i2c_start_on_bus
                0x00000000080075c6                i2c_stop_on_bus
                0x00000000080075e6                i2c_data_transmit
                0x0000000008007608                i2c_data_receive
                0x0000000008007624                i2c_dma_config
                0x0000000008007660                i2c_dma_last_transfer_config
                0x000000000800769c                i2c_stretch_scl_low_config
                0x00000000080076d2                i2c_slave_response_to_gcall_config
                0x0000000008007708                i2c_software_reset_config
                0x000000000800773e                i2c_pec_config
                0x0000000008007774                i2c_pec_transfer_config
                0x00000000080077aa                i2c_pec_value_get
                0x00000000080077c8                i2c_smbus_alert_config
                0x00000000080077fe                i2c_smbus_arp_config
                0x0000000008007834                i2c_flag_get
                0x0000000008007872                i2c_flag_clear
                0x00000000080078ce                i2c_interrupt_enable
                0x0000000008007910                i2c_interrupt_disable
                0x0000000008007954                i2c_interrupt_flag_get
                0x00000000080079f8                i2c_interrupt_flag_clear
 .text          0x0000000008007a50      0x228 CMakeFiles/GD32F303_running_led.dir/Drivers/GD32F30x_standard_peripheral/Source/gd32f30x_misc.c.obj
                0x0000000008007a50                nvic_priority_group_set
                0x0000000008007a78                nvic_irq_enable
                0x0000000008007b84                nvic_irq_disable
                0x0000000008007bbc                nvic_vector_table_set
                0x0000000008007bf0                system_lowpower_set
                0x0000000008007c18                system_lowpower_reset
                0x0000000008007c40                systick_clksource_set
 .text          0x0000000008007c78      0x490 CMakeFiles/GD32F303_running_led.dir/Drivers/GD32F30x_standard_peripheral/Source/gd32f30x_pmu.c.obj
                0x0000000008007c78                pmu_deinit
                0x0000000008007c90                pmu_lvd_select
                0x0000000008007cd8                pmu_ldo_output_select
                0x0000000008007d08                pmu_lvd_disable
                0x0000000008007d28                pmu_highdriver_switch_select
                0x0000000008007d64                pmu_highdriver_mode_enable
                0x0000000008007d84                pmu_highdriver_mode_disable
                0x0000000008007da4                pmu_lowdriver_mode_enable
                0x0000000008007dc4                pmu_lowdriver_mode_disable
                0x0000000008007de4                pmu_lowpower_driver_config
                0x0000000008007e14                pmu_normalpower_driver_config
                0x0000000008007e44                pmu_to_sleepmode
                0x0000000008007e78                pmu_to_deepsleepmode
                0x0000000008007fa0                pmu_to_standbymode
                0x0000000008008018                pmu_backup_write_enable
                0x0000000008008038                pmu_backup_write_disable
                0x0000000008008058                pmu_wakeup_pin_enable
                0x0000000008008078                pmu_wakeup_pin_disable
                0x0000000008008098                pmu_flag_get
                0x00000000080080c4                pmu_flag_clear
 .text          0x0000000008008108      0xd48 CMakeFiles/GD32F303_running_led.dir/Drivers/GD32F30x_standard_peripheral/Source/gd32f30x_rcu.c.obj
                0x0000000008008108                rcu_deinit
                0x000000000800819c                rcu_periph_clock_enable
                0x00000000080081e2                rcu_periph_clock_disable
                0x000000000800822c                rcu_periph_clock_sleep_enable
                0x0000000008008272                rcu_periph_clock_sleep_disable
                0x00000000080082bc                rcu_periph_reset_enable
                0x0000000008008302                rcu_periph_reset_disable
                0x000000000800834c                rcu_bkp_reset_enable
                0x000000000800836c                rcu_bkp_reset_disable
                0x000000000800838c                rcu_system_clock_source_config
                0x00000000080083bc                rcu_system_clock_source_get
                0x00000000080083d8                rcu_ahb_clock_config
                0x0000000008008408                rcu_apb1_clock_config
                0x0000000008008438                rcu_apb2_clock_config
                0x0000000008008468                rcu_ckout0_config
                0x0000000008008498                rcu_pll_config
                0x00000000080084dc                rcu_pllpresel_config
                0x0000000008008514                rcu_predv0_config
                0x0000000008008554                rcu_adc_clock_config
                0x000000000800861c                rcu_usb_clock_config
                0x000000000800864c                rcu_rtc_clock_config
                0x000000000800867c                rcu_ck48m_clock_config
                0x00000000080086ac                rcu_lxtal_drive_capability_config
                0x00000000080086dc                rcu_osci_stab_wait
                0x0000000008008898                rcu_osci_on
                0x00000000080088de                rcu_osci_off
                0x0000000008008928                rcu_osci_bypass_mode_enable
                0x00000000080089c4                rcu_osci_bypass_mode_disable
                0x0000000008008a60                rcu_irc8m_adjust_value_set
                0x0000000008008a94                rcu_hxtal_clock_monitor_enable
                0x0000000008008ab4                rcu_hxtal_clock_monitor_disable
                0x0000000008008ad4                rcu_deepsleep_voltage_set
                0x0000000008008afc                rcu_clock_freq_get
                0x0000000008008ce0                rcu_flag_get
                0x0000000008008d1e                rcu_all_reset_flag_clear
                0x0000000008008d3c                rcu_interrupt_flag_get
                0x0000000008008d7a                rcu_interrupt_flag_clear
                0x0000000008008dc0                rcu_interrupt_enable
                0x0000000008008e06                rcu_interrupt_disable
 .text          0x0000000008008e50      0x234 CMakeFiles/GD32F303_running_led.dir/Drivers/GD32F30x_standard_peripheral/Source/gd32f30x_rtc.c.obj
                0x0000000008008e50                rtc_interrupt_enable
                0x0000000008008e74                rtc_interrupt_disable
                0x0000000008008e9c                rtc_configuration_mode_enter
                0x0000000008008ebc                rtc_configuration_mode_exit
                0x0000000008008edc                rtc_lwoff_wait
                0x0000000008008f00                rtc_register_sync_wait
                0x0000000008008f30                rtc_counter_get
                0x0000000008008f64                rtc_counter_set
                0x0000000008008f94                rtc_prescaler_set
                0x0000000008008fc8                rtc_alarm_config
                0x0000000008008ff8                rtc_divider_get
                0x0000000008009030                rtc_flag_get
                0x000000000800905c                rtc_flag_clear
 .text          0x0000000008009084      0x760 CMakeFiles/GD32F303_running_led.dir/Drivers/GD32F30x_standard_peripheral/Source/gd32f30x_sdio.c.obj
                0x0000000008009084                sdio_deinit
                0x00000000080090ec                sdio_clock_config
                0x0000000008009150                sdio_hardware_clock_enable
                0x0000000008009170                sdio_hardware_clock_disable
                0x0000000008009190                sdio_bus_mode_set
                0x00000000080091c0                sdio_power_state_set
                0x00000000080091e0                sdio_power_state_get
                0x00000000080091f8                sdio_clock_enable
                0x0000000008009218                sdio_clock_disable
                0x0000000008009238                sdio_command_response_config
                0x000000000800928c                sdio_wait_type_set
                0x00000000080092bc                sdio_csm_enable
                0x00000000080092dc                sdio_csm_disable
                0x00000000080092fc                sdio_command_index_get
                0x0000000008009314                sdio_response_get
                0x000000000800937c                sdio_data_config
                0x00000000080093dc                sdio_data_transfer_config
                0x000000000800941c                sdio_dsm_enable
                0x000000000800943c                sdio_dsm_disable
                0x000000000800945c                sdio_data_write
                0x000000000800947c                sdio_data_read
                0x0000000008009494                sdio_data_counter_get
                0x00000000080094ac                sdio_fifo_counter_get
                0x00000000080094c4                sdio_dma_enable
                0x00000000080094e4                sdio_dma_disable
                0x0000000008009504                sdio_flag_get
                0x0000000008009530                sdio_flag_clear
                0x0000000008009550                sdio_interrupt_enable
                0x0000000008009574                sdio_interrupt_disable
                0x000000000800959c                sdio_interrupt_flag_get
                0x00000000080095c8                sdio_interrupt_flag_clear
                0x00000000080095e8                sdio_readwait_enable
                0x0000000008009608                sdio_readwait_disable
                0x0000000008009628                sdio_stop_readwait_enable
                0x0000000008009648                sdio_stop_readwait_disable
                0x0000000008009668                sdio_readwait_type_set
                0x00000000080096a4                sdio_operation_enable
                0x00000000080096c4                sdio_operation_disable
                0x00000000080096e4                sdio_suspend_enable
                0x0000000008009704                sdio_suspend_disable
                0x0000000008009724                sdio_ceata_command_enable
                0x0000000008009744                sdio_ceata_command_disable
                0x0000000008009764                sdio_ceata_interrupt_enable
                0x0000000008009784                sdio_ceata_interrupt_disable
                0x00000000080097a4                sdio_ceata_command_completion_enable
                0x00000000080097c4                sdio_ceata_command_completion_disable
 .text          0x00000000080097e4      0x900 CMakeFiles/GD32F303_running_led.dir/Drivers/GD32F30x_standard_peripheral/Source/gd32f30x_spi.c.obj
                0x00000000080097e4                spi_i2s_deinit
                0x000000000800985c                spi_struct_para_init
                0x000000000800989a                spi_init
                0x000000000800991e                spi_enable
                0x000000000800993e                spi_disable
                0x000000000800995e                i2s_init
                0x00000000080099b8                i2s_psc_config
                0x0000000008009ac0                i2s_enable
                0x0000000008009ae4                i2s_disable
                0x0000000008009b08                spi_nss_output_enable
                0x0000000008009b2c                spi_nss_output_disable
                0x0000000008009b50                spi_nss_internal_high
                0x0000000008009b70                spi_nss_internal_low
                0x0000000008009b90                spi_dma_enable
                0x0000000008009bd0                spi_dma_disable
                0x0000000008009c10                spi_i2s_data_frame_format_config
                0x0000000008009c40                spi_i2s_data_transmit
                0x0000000008009c62                spi_i2s_data_receive
                0x0000000008009c7e                spi_bidirectional_transfer_config
                0x0000000008009cb6                spi_crc_polynomial_set
                0x0000000008009cd8                spi_crc_polynomial_get
                0x0000000008009cf4                spi_crc_on
                0x0000000008009d14                spi_crc_off
                0x0000000008009d34                spi_crc_next
                0x0000000008009d54                spi_crc_get
                0x0000000008009d84                spi_ti_mode_enable
                0x0000000008009da8                spi_ti_mode_disable
                0x0000000008009dcc                spi_nssp_mode_enable
                0x0000000008009df0                spi_nssp_mode_disable
                0x0000000008009e14                spi_quad_enable
                0x0000000008009e38                spi_quad_disable
                0x0000000008009e5c                spi_quad_write_enable
                0x0000000008009e80                spi_quad_read_enable
                0x0000000008009ea4                spi_quad_io23_output_enable
                0x0000000008009ec8                spi_quad_io23_output_disable
                0x0000000008009eec                spi_i2s_interrupt_enable
                0x0000000008009f50                spi_i2s_interrupt_disable
                0x0000000008009fb4                spi_i2s_interrupt_flag_get
                0x000000000800a096                spi_i2s_flag_get
                0x000000000800a0c0                spi_crc_error_clear
 .text          0x000000000800a0e4     0x1ea8 CMakeFiles/GD32F303_running_led.dir/Drivers/GD32F30x_standard_peripheral/Source/gd32f30x_timer.c.obj
                0x000000000800a0e4                timer_deinit
                0x000000000800a214                timer_struct_para_init
                0x000000000800a24e                timer_init
                0x000000000800a348                timer_enable
                0x000000000800a368                timer_disable
                0x000000000800a388                timer_auto_reload_shadow_enable
                0x000000000800a3a8                timer_auto_reload_shadow_disable
                0x000000000800a3c8                timer_update_event_enable
                0x000000000800a3e8                timer_update_event_disable
                0x000000000800a408                timer_counter_alignment
                0x000000000800a438                timer_counter_up_direction
                0x000000000800a458                timer_counter_down_direction
                0x000000000800a478                timer_prescaler_config
                0x000000000800a4b4                timer_repetition_value_config
                0x000000000800a4d6                timer_autoreload_value_config
                0x000000000800a4f8                timer_counter_value_config
                0x000000000800a51a                timer_counter_read
                0x000000000800a53c                timer_prescaler_read
                0x000000000800a55e                timer_single_pulse_mode_config
                0x000000000800a59a                timer_update_source_config
                0x000000000800a5d6                timer_interrupt_enable
                0x000000000800a5fe                timer_interrupt_disable
                0x000000000800a626                timer_interrupt_flag_get
                0x000000000800a662                timer_interrupt_flag_clear
                0x000000000800a684                timer_flag_get
                0x000000000800a6ae                timer_flag_clear
                0x000000000800a6d0                timer_dma_enable
                0x000000000800a6f8                timer_dma_disable
                0x000000000800a722                timer_channel_dma_request_source_select
                0x000000000800a768                timer_dma_transfer_config
                0x000000000800a7a8                timer_event_software_generate
                0x000000000800a7d0                timer_break_struct_para_init
                0x000000000800a80e                timer_break_config
                0x000000000800a85e                timer_break_enable
                0x000000000800a882                timer_break_disable
                0x000000000800a8a6                timer_automatic_output_enable
                0x000000000800a8ca                timer_automatic_output_disable
                0x000000000800a8ee                timer_primary_output_config
                0x000000000800a92e                timer_channel_control_shadow_config
                0x000000000800a96e                timer_channel_control_shadow_update_config
                0x000000000800a9b4                timer_channel_output_struct_para_init
                0x000000000800a9ec                timer_channel_output_config
                0x000000000800adc8                timer_channel_output_mode_config
                0x000000000800ae8e                timer_channel_output_pulse_value_config
                0x000000000800aef6                timer_channel_output_shadow_config
                0x000000000800afbe                timer_channel_output_fast_config
                0x000000000800b086                timer_channel_output_clear_config
                0x000000000800b14e                timer_channel_output_polarity_config
                0x000000000800b218                timer_channel_complementary_output_polarity_config
                0x000000000800b2b4                timer_channel_output_state_config
                0x000000000800b37e                timer_channel_complementary_output_state_config
                0x000000000800b41a                timer_channel_input_struct_para_init
                0x000000000800b446                timer_input_capture_config
                0x000000000800b6c4                timer_channel_input_capture_prescaler_config
                0x000000000800b78a                timer_channel_capture_value_register_read
                0x000000000800b7f0                timer_input_pwm_capture_config
                0x000000000800ba98                timer_hall_mode_config
                0x000000000800badc                timer_input_trigger_source_select
                0x000000000800bb14                timer_master_output_trigger_source_select
                0x000000000800bb4c                timer_slave_mode_select
                0x000000000800bb84                timer_master_slave_mode_config
                0x000000000800bbc8                timer_external_trigger_config
                0x000000000800bc18                timer_quadrature_decoder_mode_config
                0x000000000800bcba                timer_internal_clock_config
                0x000000000800bcde                timer_internal_trigger_as_external_clock_config
                0x000000000800bd18                timer_external_trigger_as_external_clock_config
                0x000000000800be66                timer_external_clock_mode0_config
                0x000000000800bea8                timer_external_clock_mode1_config
                0x000000000800beda                timer_external_clock_mode1_disable
                0x000000000800befe                timer_write_chxval_register_config
                0x000000000800bf44                timer_output_value_selection_config
 .text          0x000000000800bf8c      0xb90 CMakeFiles/GD32F303_running_led.dir/Drivers/GD32F30x_standard_peripheral/Source/gd32f30x_usart.c.obj
                0x000000000800bf8c                usart_deinit
                0x000000000800c050                usart_baudrate_set
                0x000000000800c130                usart_parity_config
                0x000000000800c168                usart_word_length_set
                0x000000000800c1a0                usart_stop_bit_set
                0x000000000800c1d8                usart_enable
                0x000000000800c1fc                usart_disable
                0x000000000800c220                usart_transmit_config
                0x000000000800c25c                usart_receive_config
                0x000000000800c298                usart_data_first_config
                0x000000000800c2d0                usart_invert_config
                0x000000000800c37a                usart_receiver_timeout_enable
                0x000000000800c39e                usart_receiver_timeout_disable
                0x000000000800c3c2                usart_receiver_timeout_threshold_config
                0x000000000800c3fa                usart_data_transmit
                0x000000000800c41e                usart_data_receive
                0x000000000800c440                usart_address_config
                0x000000000800c47c                usart_mute_mode_enable
                0x000000000800c4a0                usart_mute_mode_disable
                0x000000000800c4c4                usart_mute_mode_wakeup_config
                0x000000000800c4fc                usart_lin_mode_enable
                0x000000000800c520                usart_lin_mode_disable
                0x000000000800c544                usart_lin_break_detection_length_config
                0x000000000800c57e                usart_send_break
                0x000000000800c5a2                usart_halfduplex_enable
                0x000000000800c5c6                usart_halfduplex_disable
                0x000000000800c5ea                usart_synchronous_clock_enable
                0x000000000800c60e                usart_synchronous_clock_disable
                0x000000000800c632                usart_synchronous_clock_config
                0x000000000800c686                usart_guard_time_config
                0x000000000800c6c0                usart_smartcard_mode_enable
                0x000000000800c6e4                usart_smartcard_mode_disable
                0x000000000800c708                usart_smartcard_mode_nack_enable
                0x000000000800c72c                usart_smartcard_mode_nack_disable
                0x000000000800c750                usart_smartcard_autoretry_config
                0x000000000800c78c                usart_block_length_config
                0x000000000800c7c4                usart_irda_mode_enable
                0x000000000800c7e8                usart_irda_mode_disable
                0x000000000800c80c                usart_prescaler_config
                0x000000000800c844                usart_irda_lowpower_config
                0x000000000800c87e                usart_hardware_flow_rts_config
                0x000000000800c8ba                usart_hardware_flow_cts_config
                0x000000000800c8f6                usart_dma_receive_config
                0x000000000800c932                usart_dma_transmit_config
                0x000000000800c96e                usart_flag_get
                0x000000000800c9ac                usart_flag_clear
                0x000000000800c9f0                usart_interrupt_enable
                0x000000000800ca32                usart_interrupt_disable
                0x000000000800ca76                usart_interrupt_flag_get
                0x000000000800cae0                usart_interrupt_flag_clear
 .text          0x000000000800cb1c       0xf4 CMakeFiles/GD32F303_running_led.dir/Drivers/GD32F30x_standard_peripheral/Source/gd32f30x_wwdgt.c.obj
                0x000000000800cb1c                wwdgt_deinit
                0x000000000800cb34                wwdgt_enable
                0x000000000800cb54                wwdgt_counter_update
                0x000000000800cb78                wwdgt_config
                0x000000000800cbb4                wwdgt_flag_get
                0x000000000800cbd8                wwdgt_flag_clear
                0x000000000800cbf0                wwdgt_interrupt_enable
 .text          0x000000000800cc10       0x90 CMakeFiles/GD32F303_running_led.dir/Peripherals/gpio.c.obj
                0x000000000800cc10                gpio_config
 .text          0x000000000800cca0       0x76 CMakeFiles/GD32F303_running_led.dir/Peripherals/rcu.c.obj
                0x000000000800cca0                rcu_config
 .text          0x000000000800cd16       0x66 CMakeFiles/GD32F303_running_led.dir/Src/gd32f30x_it.c.obj
                0x000000000800cd16                NMI_Handler
                0x000000000800cd24                HardFault_Handler
                0x000000000800cd2c                MemManage_Handler
                0x000000000800cd34                BusFault_Handler
                0x000000000800cd3c                UsageFault_Handler
                0x000000000800cd44                SVC_Handler
                0x000000000800cd52                DebugMon_Handler
                0x000000000800cd60                PendSV_Handler
                0x000000000800cd6e                SysTick_Handler
 .text          0x000000000800cd7c       0x88 CMakeFiles/GD32F303_running_led.dir/Src/main.c.obj
                0x000000000800cd7c                main
 .text          0x000000000800ce04       0x74 CMakeFiles/GD32F303_running_led.dir/Src/start.c.obj
                0x000000000800ce04                Reset_Handler
                0x000000000800ce60                TIMER2_IRQHandler
                0x000000000800ce60                LVD_IRQHandler
                0x000000000800ce60                TSI_IRQHandler
                0x000000000800ce60                Null_Handler
                0x000000000800ce60                TIMER15_IRQHandler
                0x000000000800ce60                USBFS_WKUP_IRQHandler
                0x000000000800ce60                TIMER5_DAC_IRQHandler
                0x000000000800ce60                USBFS_IRQHandler
                0x000000000800ce60                I2C0_EV_IRQHandler
                0x000000000800ce60                ADC_CMP_IRQHandler
                0x000000000800ce60                SPI1_IRQHandler
                0x000000000800ce60                DMA_Channel3_4_IRQHandler
                0x000000000800ce60                TIMER14_IRQHandler
                0x000000000800ce60                TIMER16_IRQHandler
                0x000000000800ce60                EXTI2_3_IRQHandler
                0x000000000800ce60                I2C0_ER_IRQHandler
                0x000000000800ce60                RTC_IRQHandler
                0x000000000800ce60                USART0_IRQHandler
                0x000000000800ce60                TIMER1_IRQHandler
                0x000000000800ce60                TIMER13_IRQHandler
                0x000000000800ce60                I2C1_EV_IRQHandler
                0x000000000800ce60                EXTI4_15_IRQHandler
                0x000000000800ce60                CEC_IRQHandler
                0x000000000800ce60                WWDGT_IRQHandler
                0x000000000800ce60                DMA_Channel5_6_IRQHandler
                0x000000000800ce60                TIMER0_BRK_UP_TRG_COM_IRQHandler
                0x000000000800ce60                EXTI0_1_IRQHandler
                0x000000000800ce60                DMA_Channel1_2_IRQHandler
                0x000000000800ce60                RCU_CTC_IRQHandler
                0x000000000800ce60                TIMER0_Channel_IRQHandler
                0x000000000800ce60                SPI0_IRQHandler
                0x000000000800ce60                DMA_Channel0_IRQHandler
                0x000000000800ce60                USART1_IRQHandler
                0x000000000800ce60                I2C1_ER_IRQHandler
                0x000000000800ce60                FMC_IRQHandler
                0x000000000800ce6e                Loop_Handler
 .text          0x000000000800ce78      0x364 CMakeFiles/GD32F303_running_led.dir/Src/system_gd32f30x.c.obj
                0x000000000800ce78                SystemInit
                0x000000000800d098                SystemCoreClockUpdate
 .text          0x000000000800d1dc      0x168 CMakeFiles/GD32F303_running_led.dir/Utilities/delay.c.obj
                0x000000000800d1dc                Delay
                0x000000000800d220                DelayMC
                0x000000000800d264                nonblocking_delay_ctor
                0x000000000800d28a                nonblocking_delay_start
                0x000000000800d2c0                nonblocking_delay_stop
                0x000000000800d2e6                nonblocking_delay_tick
                0x000000000800d32c                nonblocking_delay_get_state
 .text          0x000000000800d344        0x0 /usr/share/arm-gnu-toolchain-12.2.rel1-x86_64-arm-none-eabi/bin/../lib/gcc/arm-none-eabi/12.2.1/../../../../arm-none-eabi/lib/thumb/v7e-m+fp/hard/libnosys.a(close.o)
 .text._close   0x000000000800d344       0x10 /usr/share/arm-gnu-toolchain-12.2.rel1-x86_64-arm-none-eabi/bin/../lib/gcc/arm-none-eabi/12.2.1/../../../../arm-none-eabi/lib/thumb/v7e-m+fp/hard/libnosys.a(close.o)
                0x000000000800d344                _close
 .text          0x000000000800d354        0x0 /usr/share/arm-gnu-toolchain-12.2.rel1-x86_64-arm-none-eabi/bin/../lib/gcc/arm-none-eabi/12.2.1/../../../../arm-none-eabi/lib/thumb/v7e-m+fp/hard/libnosys.a(lseek.o)
 .text._lseek   0x000000000800d354       0x10 /usr/share/arm-gnu-toolchain-12.2.rel1-x86_64-arm-none-eabi/bin/../lib/gcc/arm-none-eabi/12.2.1/../../../../arm-none-eabi/lib/thumb/v7e-m+fp/hard/libnosys.a(lseek.o)
                0x000000000800d354                _lseek
 .text          0x000000000800d364        0x0 /usr/share/arm-gnu-toolchain-12.2.rel1-x86_64-arm-none-eabi/bin/../lib/gcc/arm-none-eabi/12.2.1/../../../../arm-none-eabi/lib/thumb/v7e-m+fp/hard/libnosys.a(read.o)
 .text._read    0x000000000800d364       0x10 /usr/share/arm-gnu-toolchain-12.2.rel1-x86_64-arm-none-eabi/bin/../lib/gcc/arm-none-eabi/12.2.1/../../../../arm-none-eabi/lib/thumb/v7e-m+fp/hard/libnosys.a(read.o)
                0x000000000800d364                _read
 .text          0x000000000800d374        0x0 /usr/share/arm-gnu-toolchain-12.2.rel1-x86_64-arm-none-eabi/bin/../lib/gcc/arm-none-eabi/12.2.1/../../../../arm-none-eabi/lib/thumb/v7e-m+fp/hard/libnosys.a(sbrk.o)
 .text._sbrk    0x000000000800d374       0x1c /usr/share/arm-gnu-toolchain-12.2.rel1-x86_64-arm-none-eabi/bin/../lib/gcc/arm-none-eabi/12.2.1/../../../../arm-none-eabi/lib/thumb/v7e-m+fp/hard/libnosys.a(sbrk.o)
                0x000000000800d374                _sbrk
 .text          0x000000000800d390        0x0 /usr/share/arm-gnu-toolchain-12.2.rel1-x86_64-arm-none-eabi/bin/../lib/gcc/arm-none-eabi/12.2.1/../../../../arm-none-eabi/lib/thumb/v7e-m+fp/hard/libnosys.a(write.o)
 .text._write   0x000000000800d390       0x10 /usr/share/arm-gnu-toolchain-12.2.rel1-x86_64-arm-none-eabi/bin/../lib/gcc/arm-none-eabi/12.2.1/../../../../arm-none-eabi/lib/thumb/v7e-m+fp/hard/libnosys.a(write.o)
                0x000000000800d390                _write
 .text          0x000000000800d3a0        0x0 /usr/share/arm-gnu-toolchain-12.2.rel1-x86_64-arm-none-eabi/bin/../lib/gcc/arm-none-eabi/12.2.1/../../../../arm-none-eabi/lib/thumb/v7e-m+fp/hard/libnosys.a(_exit.o)
 .text._exit    0x000000000800d3a0        0x4 /usr/share/arm-gnu-toolchain-12.2.rel1-x86_64-arm-none-eabi/bin/../lib/gcc/arm-none-eabi/12.2.1/../../../../arm-none-eabi/lib/thumb/v7e-m+fp/hard/libnosys.a(_exit.o)
                0x000000000800d3a0                _exit
 .text          0x000000000800d3a4        0x0 /usr/share/arm-gnu-toolchain-12.2.rel1-x86_64-arm-none-eabi/bin/../lib/gcc/arm-none-eabi/12.2.1/thumb/v7e-m+fp/hard/crtend.o
 .text          0x000000000800d3a4        0x0 /usr/share/arm-gnu-toolchain-12.2.rel1-x86_64-arm-none-eabi/bin/../lib/gcc/arm-none-eabi/12.2.1/thumb/v7e-m+fp/hard/crtn.o
 *(.rodata*)
 .rodata.all_implied_fbits
                0x000000000800d3a4       0x24 /usr/share/arm-gnu-toolchain-12.2.rel1-x86_64-arm-none-eabi/bin/../lib/gcc/arm-none-eabi/12.2.1/thumb/v7e-m+fp/hard/crtbegin.o
 .rodata        0x000000000800d3c8    0x34eca CMakeFiles/GD32F303_running_led.dir/Drivers/CMSIS/DSP/Source/arm_common_tables.c.obj
                0x000000000800d3c8                armBitRevTable
                0x000000000800dbc8                twiddleCoef_16
                0x000000000800dc48                twiddleCoef_32
                0x000000000800dd48                twiddleCoef_64
                0x000000000800df48                twiddleCoef_128
                0x000000000800e348                twiddleCoef_256
                0x000000000800eb48                twiddleCoef_512
                0x000000000800fb48                twiddleCoef_1024
                0x0000000008011b48                twiddleCoef_2048
                0x0000000008015b48                twiddleCoef_4096
                0x000000000801db48                twiddleCoef_16_q31
                0x000000000801dba8                twiddleCoef_32_q31
                0x000000000801dc68                twiddleCoef_64_q31
                0x000000000801dde8                twiddleCoef_128_q31
                0x000000000801e0e8                twiddleCoef_256_q31
                0x000000000801e6e8                twiddleCoef_512_q31
                0x000000000801f2e8                twiddleCoef_1024_q31
                0x0000000008020ae8                twiddleCoef_2048_q31
                0x0000000008023ae8                twiddleCoef_4096_q31
                0x0000000008029ae8                twiddleCoef_16_q15
                0x0000000008029b18                twiddleCoef_32_q15
                0x0000000008029b78                twiddleCoef_64_q15
                0x0000000008029c38                twiddleCoef_128_q15
                0x0000000008029db8                twiddleCoef_256_q15
                0x000000000802a0b8                twiddleCoef_512_q15
                0x000000000802a6b8                twiddleCoef_1024_q15
                0x000000000802b2b8                twiddleCoef_2048_q15
                0x000000000802cab8                twiddleCoef_4096_q15
                0x000000000802fab8                armRecipTableQ15
                0x000000000802fb38                armRecipTableQ31
                0x000000000802fc38                armBitRevIndexTable16
                0x000000000802fc60                armBitRevIndexTable32
                0x000000000802fcc0                armBitRevIndexTable64
                0x000000000802fd30                armBitRevIndexTable128
                0x000000000802fed0                armBitRevIndexTable256
                0x0000000008030240                armBitRevIndexTable512
                0x00000000080305c0                armBitRevIndexTable1024
                0x00000000080313d0                armBitRevIndexTable2048
                0x0000000008033190                armBitRevIndexTable4096
                0x0000000008035110                armBitRevIndexTable_fixed_16
                0x0000000008035128                armBitRevIndexTable_fixed_32
                0x0000000008035158                armBitRevIndexTable_fixed_64
                0x00000000080351c8                armBitRevIndexTable_fixed_128
                0x00000000080352a8                armBitRevIndexTable_fixed_256
                0x0000000008035488                armBitRevIndexTable_fixed_512
                0x0000000008035848                armBitRevIndexTable_fixed_1024
                0x0000000008036008                armBitRevIndexTable_fixed_2048
                0x0000000008036f88                armBitRevIndexTable_fixed_4096
                0x0000000008038f08                twiddleCoef_rfft_32
                0x0000000008038f88                twiddleCoef_rfft_64
                0x0000000008039088                twiddleCoef_rfft_128
                0x0000000008039288                twiddleCoef_rfft_256
                0x0000000008039688                twiddleCoef_rfft_512
                0x0000000008039e88                twiddleCoef_rfft_1024
                0x000000000803ae88                twiddleCoef_rfft_2048
                0x000000000803ce88                twiddleCoef_rfft_4096
                0x0000000008040e88                sinTable_f32
                0x000000000804168c                sinTable_q31
                0x0000000008041e90                sinTable_q15
 *fill*         0x0000000008042292        0x2 
 .rodata        0x0000000008042294       0x18 CMakeFiles/GD32F303_running_led.dir/Drivers/GD32F30x_standard_peripheral/Source/gd32f30x_rcu.c.obj
 .rodata        0x00000000080422ac       0x10 CMakeFiles/GD32F303_running_led.dir/Src/system_gd32f30x.c.obj
 .rodata.all_implied_fbits
                0x00000000080422bc       0x24 /usr/share/arm-gnu-toolchain-12.2.rel1-x86_64-arm-none-eabi/bin/../lib/gcc/arm-none-eabi/12.2.1/thumb/v7e-m+fp/hard/crtend.o
                0x00000000080422e0                . = ALIGN (0x4)

.glue_7         0x00000000080422e0        0x0
 .glue_7        0x00000000080422e0        0x0 linker stubs

.glue_7t        0x00000000080422e0        0x0
 .glue_7t       0x00000000080422e0        0x0 linker stubs

.vfp11_veneer   0x00000000080422e0        0x0
 .vfp11_veneer  0x00000000080422e0        0x0 linker stubs

.v4_bx          0x00000000080422e0        0x0
 .v4_bx         0x00000000080422e0        0x0 linker stubs

.init           0x00000000080422e0        0xc
 .init          0x00000000080422e0        0x4 /usr/share/arm-gnu-toolchain-12.2.rel1-x86_64-arm-none-eabi/bin/../lib/gcc/arm-none-eabi/12.2.1/thumb/v7e-m+fp/hard/crti.o
                0x00000000080422e0                _init
 .init          0x00000000080422e4        0x8 /usr/share/arm-gnu-toolchain-12.2.rel1-x86_64-arm-none-eabi/bin/../lib/gcc/arm-none-eabi/12.2.1/thumb/v7e-m+fp/hard/crtn.o

.fini           0x00000000080422ec        0xc
 .fini          0x00000000080422ec        0x4 /usr/share/arm-gnu-toolchain-12.2.rel1-x86_64-arm-none-eabi/bin/../lib/gcc/arm-none-eabi/12.2.1/thumb/v7e-m+fp/hard/crti.o
                0x00000000080422ec                _fini
 .fini          0x00000000080422f0        0x8 /usr/share/arm-gnu-toolchain-12.2.rel1-x86_64-arm-none-eabi/bin/../lib/gcc/arm-none-eabi/12.2.1/thumb/v7e-m+fp/hard/crtn.o

.iplt           0x00000000080422f8        0x0
 .iplt          0x00000000080422f8        0x0 /usr/share/arm-gnu-toolchain-12.2.rel1-x86_64-arm-none-eabi/bin/../lib/gcc/arm-none-eabi/12.2.1/thumb/v7e-m+fp/hard/crtbegin.o

.eh_frame       0x00000000080422f8        0x4
 .eh_frame      0x00000000080422f8        0x0 /usr/share/arm-gnu-toolchain-12.2.rel1-x86_64-arm-none-eabi/bin/../lib/gcc/arm-none-eabi/12.2.1/thumb/v7e-m+fp/hard/crtbegin.o
 .eh_frame      0x00000000080422f8        0x4 /usr/share/arm-gnu-toolchain-12.2.rel1-x86_64-arm-none-eabi/bin/../lib/gcc/arm-none-eabi/12.2.1/thumb/v7e-m+fp/hard/crtend.o

.ARM.extab      0x00000000080422fc        0x0
 .ARM.extab     0x00000000080422fc        0x0 /usr/share/arm-gnu-toolchain-12.2.rel1-x86_64-arm-none-eabi/bin/../lib/gcc/arm-none-eabi/12.2.1/../../../../arm-none-eabi/lib/thumb/v7e-m+fp/hard/crt0.o

.ARM.exidx      0x00000000080422fc        0x8
 .ARM.exidx     0x00000000080422fc        0x8 /usr/share/arm-gnu-toolchain-12.2.rel1-x86_64-arm-none-eabi/bin/../lib/gcc/arm-none-eabi/12.2.1/../../../../arm-none-eabi/lib/thumb/v7e-m+fp/hard/crt0.o
                                         0x10 (size before relaxing)

.rel.dyn        0x0000000008042304        0x0
 .rel.iplt      0x0000000008042304        0x0 /usr/share/arm-gnu-toolchain-12.2.rel1-x86_64-arm-none-eabi/bin/../lib/gcc/arm-none-eabi/12.2.1/thumb/v7e-m+fp/hard/crtbegin.o

.data           0x0000000020000000      0x554 load address 0x0000000008042304
                0x0000000020000000                _sdata = .
 *(.data*)
 .data          0x0000000020000000        0x0 /usr/share/arm-gnu-toolchain-12.2.rel1-x86_64-arm-none-eabi/bin/../lib/gcc/arm-none-eabi/12.2.1/thumb/v7e-m+fp/hard/crti.o
 .data          0x0000000020000000        0x0 /usr/share/arm-gnu-toolchain-12.2.rel1-x86_64-arm-none-eabi/bin/../lib/gcc/arm-none-eabi/12.2.1/thumb/v7e-m+fp/hard/crtbegin.o
 .data.__dso_handle
                0x0000000020000000        0x4 /usr/share/arm-gnu-toolchain-12.2.rel1-x86_64-arm-none-eabi/bin/../lib/gcc/arm-none-eabi/12.2.1/thumb/v7e-m+fp/hard/crtbegin.o
                0x0000000020000000                __dso_handle
 .data          0x0000000020000004        0x0 /usr/share/arm-gnu-toolchain-12.2.rel1-x86_64-arm-none-eabi/bin/../lib/gcc/arm-none-eabi/12.2.1/../../../../arm-none-eabi/lib/thumb/v7e-m+fp/hard/crt0.o
 .data          0x0000000020000004        0x0 /usr/share/arm-gnu-toolchain-12.2.rel1-x86_64-arm-none-eabi/bin/../lib/gcc/arm-none-eabi/12.2.1/../../../../arm-none-eabi/lib/thumb/v7e-m+fp/hard/libc.a(libc_a-exit.o)
 .data          0x0000000020000004        0x0 /usr/share/arm-gnu-toolchain-12.2.rel1-x86_64-arm-none-eabi/bin/../lib/gcc/arm-none-eabi/12.2.1/../../../../arm-none-eabi/lib/thumb/v7e-m+fp/hard/libc.a(libc_a-__call_atexit.o)
 .data.__atexit_recursive_mutex
                0x0000000020000004        0x4 /usr/share/arm-gnu-toolchain-12.2.rel1-x86_64-arm-none-eabi/bin/../lib/gcc/arm-none-eabi/12.2.1/../../../../arm-none-eabi/lib/thumb/v7e-m+fp/hard/libc.a(libc_a-__call_atexit.o)
                0x0000000020000004                __atexit_recursive_mutex
 .data          0x0000000020000008        0x0 /usr/share/arm-gnu-toolchain-12.2.rel1-x86_64-arm-none-eabi/bin/../lib/gcc/arm-none-eabi/12.2.1/../../../../arm-none-eabi/lib/thumb/v7e-m+fp/hard/libc.a(libc_a-memset.o)
 .data          0x0000000020000008        0x0 /usr/share/arm-gnu-toolchain-12.2.rel1-x86_64-arm-none-eabi/bin/../lib/gcc/arm-none-eabi/12.2.1/../../../../arm-none-eabi/lib/thumb/v7e-m+fp/hard/libc.a(libc_a-init.o)
 .data          0x0000000020000008        0x0 /usr/share/arm-gnu-toolchain-12.2.rel1-x86_64-arm-none-eabi/bin/../lib/gcc/arm-none-eabi/12.2.1/../../../../arm-none-eabi/lib/thumb/v7e-m+fp/hard/libc.a(libc_a-fini.o)
 .data          0x0000000020000008        0x0 /usr/share/arm-gnu-toolchain-12.2.rel1-x86_64-arm-none-eabi/bin/../lib/gcc/arm-none-eabi/12.2.1/../../../../arm-none-eabi/lib/thumb/v7e-m+fp/hard/libc.a(libc_a-lock.o)
 .data          0x0000000020000008        0x0 /usr/share/arm-gnu-toolchain-12.2.rel1-x86_64-arm-none-eabi/bin/../lib/gcc/arm-none-eabi/12.2.1/../../../../arm-none-eabi/lib/thumb/v7e-m+fp/hard/libc.a(libc_a-atexit.o)
 .data          0x0000000020000008        0x0 /usr/share/arm-gnu-toolchain-12.2.rel1-x86_64-arm-none-eabi/bin/../lib/gcc/arm-none-eabi/12.2.1/../../../../arm-none-eabi/lib/thumb/v7e-m+fp/hard/libc.a(libc_a-findfp.o)
 .data.__sglue  0x0000000020000008        0xc /usr/share/arm-gnu-toolchain-12.2.rel1-x86_64-arm-none-eabi/bin/../lib/gcc/arm-none-eabi/12.2.1/../../../../arm-none-eabi/lib/thumb/v7e-m+fp/hard/libc.a(libc_a-findfp.o)
                0x0000000020000008                __sglue
 .data          0x0000000020000014        0x0 /usr/share/arm-gnu-toolchain-12.2.rel1-x86_64-arm-none-eabi/bin/../lib/gcc/arm-none-eabi/12.2.1/../../../../arm-none-eabi/lib/thumb/v7e-m+fp/hard/libc.a(libc_a-stdio.o)
 .data          0x0000000020000014        0x0 /usr/share/arm-gnu-toolchain-12.2.rel1-x86_64-arm-none-eabi/bin/../lib/gcc/arm-none-eabi/12.2.1/../../../../arm-none-eabi/lib/thumb/v7e-m+fp/hard/libc.a(libc_a-fwalk.o)
 .data          0x0000000020000014        0x0 /usr/share/arm-gnu-toolchain-12.2.rel1-x86_64-arm-none-eabi/bin/../lib/gcc/arm-none-eabi/12.2.1/../../../../arm-none-eabi/lib/thumb/v7e-m+fp/hard/libc.a(libc_a-writer.o)